1 [138213901748096] INFO perfrun.launcher <> - Launcher main begin
2 [138213901748096] INFO perfrun.launcher <> - MessageCatalogInit finished
2 [138213901748096] INFO perfrun.launcher <> - Launcher instance created
2 [138213901748096] INFO perfrun.launcher <> - argc = 6; cmdline = /home/fabs/intel/oneapi/vtune/2026.0/bin64/amplxe-runss -dump-vdso -r /home/fabs/Github/kmartinez_fmelendez_jserracin_a2-2026-s1/proyecto_2/models/vtune_result --tmp-dir /tmp/amplxe-tmp-fabs 
183 [138213901748096] INFO perfrun.perfcollector <> - SEP tool path: /home/fabs/intel/oneapi/vtune/2026.0/bin64/sep
190 [138213901748096] INFO perfrun.launcher <> - create msngr2::ICliToolContext
190 [138213901748096] INFO perfrun.launcher <> - create file finder object
191 [138213742077632] INFO perfrun.launcher <> - plugin [remoteplug] was disabled because it doesn't support the given collection type.
191 [138213742077632] INFO perfrun.launcher <> - plugin [system] was disabled because it doesn't support the given collection type.
191 [138213742077632] INFO perfrun.vdso <> - dumping [vdso] pseudomodule
192 [138213742077632] INFO perfrun.launcher <> - plugin [itt] was disabled because it doesn't support the given collection type.
192 [138213742077632] INFO perfrun.launcher <> - plugin [ptracecollector] was disabled because it doesn't support the given collection type.
192 [138213742077632] INFO perfrun.launcher <> - plugin [gpu] was disabled because it doesn't support the given collection type.
192 [138213742077632] INFO perfrun.launcher <> - plugin [] was disabled because it doesn't support the given collection type.
192 [138213742077632] INFO perfrun.launcher <> - plugin [] was disabled because it doesn't support the given collection type.
192 [138213742077632] INFO perfrun.launcher <> - plugin [] was disabled because it doesn't support the given collection type.
192 [138213742077632] INFO perfrun.launcher <> - plugin [mrte] was disabled because it doesn't support the given collection type.
192 [138213742077632] INFO perfrun.launcher <> - plugin [emon] was disabled because it doesn't support the given collection type.
192 [138213742077632] INFO perfrun.launcher <> - plugin [cuscol] was disabled because it doesn't support the given collection type.
192 [138213742077632] INFO perfrun.launcher <> - plugin [stdsrc] was disabled because it doesn't support the given collection type.
192 [138213742077632] INFO perfrun.launcher <> - plugin [sep] was disabled because it doesn't support the given collection type.
192 [138213742077632] INFO perfrun.launcher <> - plugin [vtsspp] was disabled because it doesn't support the given collection type.
192 [138213742077632] INFO perfrun.launcher <> - plugin [perf] was disabled because it doesn't support the given collection type.
192 [138213742077632] INFO perfrun.launcher <> - plugin [aoclprofile] was disabled because it doesn't support the given collection type.
192 [138213742077632] INFO perfrun.launcher <> - plugin [tpss] was disabled because it doesn't support the given collection type.
192 [138213742077632] INFO perfrun.launcher <> - plugin [media] was disabled because it doesn't support the given collection type.
192 [138213742077632] INFO perfrun.launcher <> - plugin [] was disabled because it doesn't support the given collection type.
192 [138213742077632] INFO perfrun.launcher <> - plugin [] was disabled because it doesn't support the given collection type.
192 [138213742077632] INFO perfrun.launcher <> - plugin [parallelfs] was disabled because it doesn't support the given collection type.
192 [138213742077632] INFO perfrun.launcher <> - plugin [power] was disabled because it doesn't support the given collection type.
192 [138213742077632] INFO perfrun.launcher <> - plugin [] was disabled because it doesn't support the given collection type.
192 [138213742077632] INFO perfrun.launcher <> - plugin [] was disabled because it doesn't support the given collection type.
192 [138213742077632] INFO perfrun.launcher <> - plugin [] was disabled because it doesn't support the given collection type.
192 [138213742077632] INFO perfrun.launcher <> - plugin [l0_metrics] was disabled because it doesn't support the given collection type.
192 [138213742077632] INFO perfrun.launcher <> - plugin [stall_reasons] was disabled because it doesn't support the given collection type.
192 [138213901748096] INFO perfrun.launcher <> - Application exit code: 0
192 [138213901748096] INFO perfrun.launcher <> - Exit code: 0
