1 [127371294496640] INFO perfrun.launcher <> - Launcher main begin
2 [127371294496640] INFO perfrun.launcher <> - MessageCatalogInit finished
2 [127371294496640] INFO perfrun.launcher <> - Launcher instance created
2 [127371294496640] INFO perfrun.launcher <> - argc = 7; cmdline = /home/fabs/intel/oneapi/vtune/2026.0/bin64/amplxe-runss --ui-output-format xml --ui-output-fd 5 --option-file /home/fabs/Github/kmartinez_fmelendez_jserracin_a2-2026-s1/proyecto_2/models/vtune_result2/config/runss.options 
212 [127371294496640] INFO perfrun.perfcollector <> - SEP tool path: /home/fabs/intel/oneapi/vtune/2026.0/bin64/sep
221 [127371294496640] INFO perfrun.launcher <> - create msngr2::ICliToolContext
222 [127371294496640] INFO perfrun.launcher <> - create file finder object
222 [127371294496640] INFO perfrun.launcher <> - create a result directory: pattern = /home/fabs/Github/kmartinez_fmelendez_jserracin_a2-2026-s1/proyecto_2/models/vtune_result2 pid = 4294967295
223 [127371294496640] INFO perfrun.sdk <> - checked that the directory /home/fabs/Github/kmartinez_fmelendez_jserracin_a2-2026-s1/proyecto_2/models/vtune_result2 is a local directory
223 [127371294496640] INFO perfrun.sdk <> - the directory /home/fabs/Github/kmartinez_fmelendez_jserracin_a2-2026-s1/proyecto_2/models/vtune_result2 is a local directory with FS type ID 61267
223 [127371294496640] INFO perfrun.launcher <> - create data directory = /home/fabs/Github/kmartinez_fmelendez_jserracin_a2-2026-s1/proyecto_2/models/vtune_result2/data.0
223 [127371294496640] INFO perfrun.launcher <> - Creating the master collection flag
226 [127371294496640] INFO perfrun.launcher <> - Done creating the master collection flag
227 [127371134887616] INFO perfrun.launcher <> - plugin [remoteplug] was disabled because it doesn't support the given collection type.
227 [127371134887616] INFO perfrun.sdk <> - Allocating TMU :/home/fabs/Github/kmartinez_fmelendez_jserracin_a2-2026-s1/proyecto_2/models/vtune_result2/data.0/systemcollector-49601-Fabs-Computer.sc
228 [127371134887616] INFO perfrun.system <> - Tpss based collection
228 [127371134887616] INFO perfrun.launcher <> - plugin [ptracecollector] was disabled because it doesn't support the given collection type.
228 [127371134887616] INFO perfrun.launcher <> - plugin [gpu] was disabled because it doesn't support the given collection type.
228 [127371134887616] INFO perfrun.launcher <> - plugin [] was disabled because it doesn't support the given collection type.
228 [127371134887616] INFO perfrun.launcher <> - plugin [] was disabled because it doesn't support the given collection type.
228 [127371134887616] INFO perfrun.launcher <> - plugin [] was disabled because it doesn't support the given collection type.
228 [127371134887616] INFO perfrun.mrte <> - system-wide mode is 0
228 [127371134887616] INFO perfrun.mrte <> - Getting  mrte profiling environment ...
239 [127371134887616] INFO perfrun.mrte <> - INTEL_MRTE_DATA_DIR=/home/fabs/Github/kmartinez_fmelendez_jserracin_a2-2026-s1/proyecto_2/models/vtune_result2/data.0
239 [127371134887616] INFO perfrun.mrte <> - INTEL_MRTE_HOST_NAME=Fabs-Computer
239 [127371134887616] INFO perfrun.mrte <> - JAVA_TOOL_OPTIONS=-agentlib:amplxe_samplingmrte_javaprof_1.0 -Dsun.boot.library.path=/home/fabs/intel/oneapi/vtune/2026.0/lib32/runtime:/home/fabs/intel/oneapi/vtune/2026.0/lib64/runtime
239 [127371134887616] INFO perfrun.mrte <> - LD_LIBRARY_PATH=/home/fabs/intel/oneapi/vtune/2026.0/lib32/runtime:/home/fabs/intel/oneapi/vtune/2026.0/lib64/runtime:/home/fabs/intel/oneapi/tcm/1.5/lib:/home/fabs/intel/oneapi/umf/1.1/lib:/home/fabs/intel/oneapi/tcm/1.5/env/../lib:/home/fabs/intel/oneapi/tbb/2023.0/env/../lib/intel64/gcc4.8:/home/fabs/intel/oneapi/mpi/2021.18/opt/mpi/libfabric/lib:/home/fabs/intel/oneapi/mpi/2021.18/lib:/home/fabs/intel/oneapi/mkl/2026.0/lib:/home/fabs/intel/oneapi/ippcp/2026.0/lib/:/home/fabs/intel/oneapi/ipp/2026.0/lib:/home/fabs/intel/oneapi/dnnl/2026.0/lib:/home/fabs/intel/oneapi/debugger/2026.0/opt/debugger/lib:/home/fabs/intel/oneapi/compiler/2026.0/opt/compiler/lib:/home/fabs/intel/oneapi/compiler/2026.0/lib:/home/fabs/intel/oneapi/ccl/2022.0/lib/
239 [127371134887616] INFO perfrun.mrte <> - CORECLR_ENABLE_PROFILING=1
239 [127371134887616] INFO perfrun.mrte <> - CORECLR_PROFILER={AA5E4821-E3B1-479c-B7FF-5AD047D22CED}
239 [127371134887616] INFO perfrun.mrte <> - CORECLR_PROFILER_PATH=/home/fabs/intel/oneapi/vtune/2026.0/lib64/libamplxe_samplingmrte_clrprof_1.0.so
239 [127371134887616] INFO perfrun.mrte <> - INTEL_MRTE_PROFILER_MODE=mixed
239 [127371134887616] INFO perfrun.mrte <> - Data directory: /home/fabs/Github/kmartinez_fmelendez_jserracin_a2-2026-s1/proyecto_2/models/vtune_result2/data.0
239 [127371134887616] INFO perfrun.mrte <> - Mrte plugin is initialized
239 [127371134887616] INFO perfrun.launcher <> - plugin [emon] was disabled because it doesn't support the given collection type.
239 [127371134887616] INFO perfrun.launcher <> - plugin [cuscol] was disabled because it doesn't support the given collection type.
239 [127371134887616] INFO perfrun.launcher <> - plugin [stdsrc] was disabled because it doesn't support the given collection type.
239 [127371134887616] INFO perfrun.launcher <> - plugin [sep] was disabled because it doesn't support the given collection type.
239 [127371134887616] INFO perfrun.launcher <> - plugin [vtsspp] was disabled because it doesn't support the given collection type.
239 [127371134887616] INFO perfrun.perfcollector <> - Platform type: 148
239 [127371134887616] INFO perfrun.sdk <> - Reading value (-1) from file: /proc/sys/kernel/perf_event_paranoid
239 [127371134887616] INFO perfrun.perfcollector <> - checking access to: /home/fabs/intel/oneapi/vtune/2026.0/bin64/amplxe-perf-priv
239 [127371134887616] INFO perfrun.perfcollector <> - dir found: /sys/bus/event_source/devices/software
239 [127371134887616] INFO perfrun.perfcollector <> - format: pmu format subdir doesn't exist
239 [127371134887616] INFO perfrun.perfcollector <> - hwInfo: not set, pmuFam: software
239 [127371134887616] INFO perfrun.perfcollector <> - pmu added: software, idx: 0
239 [127371134887616] INFO perfrun.perfcollector <> - dir found: /sys/bus/event_source/devices/uncore_imc_free_running_1
239 [127371134887616] INFO perfrun.perfcollector <> - format: event: config:0-7, mask:0-7
239 [127371134887616] INFO perfrun.perfcollector <> - format: umask: config:8-15, mask:8-15
240 [127371134887616] INFO perfrun.perfcollector <> - hwInfo: not set, pmuFam: uncore_imc_free_running
240 [127371134887616] INFO perfrun.perfcollector <> - pmu caps: raw,format,events
240 [127371134887616] INFO perfrun.perfcollector <> - pmu added: uncore_imc_free_running, idx: 1
240 [127371134887616] INFO perfrun.perfcollector <> - dir found: /sys/bus/event_source/devices/uncore_arb_0
240 [127371134887616] INFO perfrun.perfcollector <> - format: event: config:0-7, mask:0-7
240 [127371134887616] INFO perfrun.perfcollector <> - format: edge: config:18, mask:18
240 [127371134887616] INFO perfrun.perfcollector <> - format: inv: config:23, mask:23
240 [127371134887616] INFO perfrun.perfcollector <> - format: umask: config:8-15, mask:8-15
240 [127371134887616] INFO perfrun.perfcollector <> - format: cmask: config:24-28, mask:24-28
240 [127371134887616] INFO perfrun.perfcollector <> - hwInfo: not set, pmuFam: uncore_arb
240 [127371134887616] INFO perfrun.perfcollector <> - pmu caps: raw,format
240 [127371134887616] INFO perfrun.perfcollector <> - pmu added: uncore_arb, idx: 0
240 [127371134887616] INFO perfrun.perfcollector <> - dir found: /sys/bus/event_source/devices/cpu_core
240 [127371134887616] INFO perfrun.perfcollector <> - format: event: config:0-7, mask:0-7
240 [127371134887616] INFO perfrun.perfcollector <> - format: pc: config:19, mask:19
240 [127371134887616] INFO perfrun.perfcollector <> - format: edge: config:18, mask:18
240 [127371134887616] INFO perfrun.perfcollector <> - format: offcore_rsp: config1:0-63, mask:0-63
240 [127371134887616] INFO perfrun.perfcollector <> - format: ldlat: config1:0-15, mask:0-15
240 [127371134887616] INFO perfrun.perfcollector <> - format: inv: config:23, mask:23
240 [127371134887616] INFO perfrun.perfcollector <> - format: umask: config:8-15, mask:8-15
240 [127371134887616] INFO perfrun.perfcollector <> - format: frontend: config1:0-23, mask:0-23
240 [127371134887616] INFO perfrun.perfcollector <> - format: cmask: config:24-31, mask:24-31
240 [127371134887616] INFO perfrun.perfcollector <> - hwInfo: PERF_CPU_PMU_DETAILS
240 [127371134887616] INFO perfrun.perfcollector <> - pmu caps: raw,format,events,ldlat,frontend,offcore_rsp
240 [127371134887616] INFO perfrun.perfcollector <> - pmu added: cpu_core, idx: 0
240 [127371134887616] INFO perfrun.perfcollector <> - dir found: /sys/bus/event_source/devices/uncore_clock
240 [127371134887616] INFO perfrun.perfcollector <> - format: event: config:0-7, mask:0-7
240 [127371134887616] INFO perfrun.perfcollector <> - hwInfo: not set, pmuFam: uncore_clock
240 [127371134887616] INFO perfrun.perfcollector <> - pmu caps: raw,format,events
240 [127371134887616] INFO perfrun.perfcollector <> - pmu added: uncore_clock, idx: 0
240 [127371134887616] INFO perfrun.perfcollector <> - dir found: /sys/bus/event_source/devices/uncore_imc_1
240 [127371134887616] INFO perfrun.perfcollector <> - format: event: config:0-7, mask:0-7
240 [127371134887616] INFO perfrun.perfcollector <> - format: edge: config:18, mask:18
240 [127371134887616] INFO perfrun.perfcollector <> - format: chmask: config:8-11, mask:8-11
240 [127371134887616] INFO perfrun.perfcollector <> - hwInfo: PERF_IMC_PMU_DETAILS
240 [127371134887616] INFO perfrun.perfcollector <> - pmu caps: raw,format
240 [127371134887616] INFO perfrun.perfcollector <> - pmu added: uncore_imc, idx: 1
240 [127371134887616] INFO perfrun.perfcollector <> - dir found: /sys/bus/event_source/devices/power
240 [127371134887616] INFO perfrun.perfcollector <> - format: event: config:0-7, mask:0-7
240 [127371134887616] INFO perfrun.perfcollector <> - hwInfo: not set, pmuFam: power
240 [127371134887616] INFO perfrun.perfcollector <> - pmu caps: raw,format,events
240 [127371134887616] INFO perfrun.perfcollector <> - pmu added: power, idx: 0
240 [127371134887616] INFO perfrun.perfcollector <> - dir found: /sys/bus/event_source/devices/uncore_cbox_4
241 [127371134887616] INFO perfrun.perfcollector <> - format: event: config:0-7, mask:0-7
241 [127371134887616] INFO perfrun.perfcollector <> - format: edge: config:18, mask:18
241 [127371134887616] INFO perfrun.perfcollector <> - format: threshold: config:24-29, mask:24-29
241 [127371134887616] INFO perfrun.perfcollector <> - format: inv: config:23, mask:23
241 [127371134887616] INFO perfrun.perfcollector <> - format: umask: config:8-15, mask:8-15
241 [127371134887616] INFO perfrun.perfcollector <> - hwInfo: PERF_CBOX_PMU_DETAILS
241 [127371134887616] INFO perfrun.perfcollector <> - pmu caps: raw,format
241 [127371134887616] INFO perfrun.perfcollector <> - pmu added: uncore_cbox, idx: 4
241 [127371134887616] INFO perfrun.perfcollector <> - dir found: /sys/bus/event_source/devices/uprobe
241 [127371134887616] INFO perfrun.perfcollector <> - format: ref_ctr_offset: config:32-63, mask:32-63
241 [127371134887616] INFO perfrun.perfcollector <> - format: retprobe: config:0, mask:0
241 [127371134887616] INFO perfrun.perfcollector <> - hwInfo: not set, pmuFam: uprobe
241 [127371134887616] INFO perfrun.perfcollector <> - pmu caps: raw,format
241 [127371134887616] INFO perfrun.perfcollector <> - pmu added: uprobe, idx: 0
241 [127371134887616] INFO perfrun.perfcollector <> - dir found: /sys/bus/event_source/devices/intel_bts
241 [127371134887616] INFO perfrun.perfcollector <> - format: pmu format subdir doesn't exist
241 [127371134887616] INFO perfrun.perfcollector <> - hwInfo: not set, pmuFam: intel_bts
241 [127371134887616] INFO perfrun.perfcollector <> - pmu added: intel_bts, idx: 0
241 [127371134887616] INFO perfrun.perfcollector <> - dir found: /sys/bus/event_source/devices/cpu_atom
241 [127371134887616] INFO perfrun.perfcollector <> - format: event: config:0-7, mask:0-7
241 [127371134887616] INFO perfrun.perfcollector <> - format: pc: config:19, mask:19
241 [127371134887616] INFO perfrun.perfcollector <> - format: edge: config:18, mask:18
241 [127371134887616] INFO perfrun.perfcollector <> - format: offcore_rsp: config1:0-63, mask:0-63
241 [127371134887616] INFO perfrun.perfcollector <> - format: ldlat: config1:0-15, mask:0-15
241 [127371134887616] INFO perfrun.perfcollector <> - format: inv: config:23, mask:23
241 [127371134887616] INFO perfrun.perfcollector <> - format: umask: config:8-15, mask:8-15
241 [127371134887616] INFO perfrun.perfcollector <> - format: cmask: config:24-31, mask:24-31
241 [127371134887616] INFO perfrun.perfcollector <> - hwInfo: PERF_CPU_PMU_DETAILS
241 [127371134887616] INFO perfrun.perfcollector <> - pmu caps: raw,format,events,ldlat,offcore_rsp
241 [127371134887616] INFO perfrun.perfcollector <> - pmu added: cpu_atom, idx: 0
241 [127371134887616] INFO perfrun.perfcollector <> - dir found: /sys/bus/event_source/devices/cstate_core
241 [127371134887616] INFO perfrun.perfcollector <> - format: event: config:0-63, mask:0-63
241 [127371134887616] INFO perfrun.perfcollector <> - hwInfo: not set, pmuFam: cstate_core
241 [127371134887616] INFO perfrun.perfcollector <> - pmu caps: raw,format,events
241 [127371134887616] INFO perfrun.perfcollector <> - pmu added: cstate_core, idx: 0
241 [127371134887616] INFO perfrun.perfcollector <> - dir found: /sys/bus/event_source/devices/uncore_cbox_2
241 [127371134887616] INFO perfrun.perfcollector <> - format: event: config:0-7, mask:0-7
241 [127371134887616] INFO perfrun.perfcollector <> - format: edge: config:18, mask:18
241 [127371134887616] INFO perfrun.perfcollector <> - format: threshold: config:24-29, mask:24-29
241 [127371134887616] INFO perfrun.perfcollector <> - format: inv: config:23, mask:23
241 [127371134887616] INFO perfrun.perfcollector <> - format: umask: config:8-15, mask:8-15
241 [127371134887616] INFO perfrun.perfcollector <> - hwInfo: PERF_CBOX_PMU_DETAILS
241 [127371134887616] INFO perfrun.perfcollector <> - pmu caps: raw,format
241 [127371134887616] INFO perfrun.perfcollector <> - pmu added: uncore_cbox, idx: 2
241 [127371134887616] INFO perfrun.perfcollector <> - dir found: /sys/bus/event_source/devices/breakpoint
241 [127371134887616] INFO perfrun.perfcollector <> - format: pmu format subdir doesn't exist
241 [127371134887616] INFO perfrun.perfcollector <> - hwInfo: not set, pmuFam: breakpoint
241 [127371134887616] INFO perfrun.perfcollector <> - pmu added: breakpoint, idx: 0
241 [127371134887616] INFO perfrun.perfcollector <> - dir found: /sys/bus/event_source/devices/uncore_arb_1
241 [127371134887616] INFO perfrun.perfcollector <> - format: event: config:0-7, mask:0-7
241 [127371134887616] INFO perfrun.perfcollector <> - format: edge: config:18, mask:18
241 [127371134887616] INFO perfrun.perfcollector <> - format: inv: config:23, mask:23
241 [127371134887616] INFO perfrun.perfcollector <> - format: umask: config:8-15, mask:8-15
241 [127371134887616] INFO perfrun.perfcollector <> - format: cmask: config:24-28, mask:24-28
241 [127371134887616] INFO perfrun.perfcollector <> - hwInfo: not set, pmuFam: uncore_arb
241 [127371134887616] INFO perfrun.perfcollector <> - pmu caps: raw,format
241 [127371134887616] INFO perfrun.perfcollector <> - pmu added: uncore_arb, idx: 1
241 [127371134887616] INFO perfrun.perfcollector <> - dir found: /sys/bus/event_source/devices/uncore_cbox_0
241 [127371134887616] INFO perfrun.perfcollector <> - format: event: config:0-7, mask:0-7
241 [127371134887616] INFO perfrun.perfcollector <> - format: edge: config:18, mask:18
241 [127371134887616] INFO perfrun.perfcollector <> - format: threshold: config:24-29, mask:24-29
241 [127371134887616] INFO perfrun.perfcollector <> - format: inv: config:23, mask:23
241 [127371134887616] INFO perfrun.perfcollector <> - format: umask: config:8-15, mask:8-15
241 [127371134887616] INFO perfrun.perfcollector <> - hwInfo: PERF_CBOX_PMU_DETAILS
242 [127371134887616] INFO perfrun.perfcollector <> - pmu caps: raw,format
242 [127371134887616] INFO perfrun.perfcollector <> - pmu added: uncore_cbox, idx: 0
242 [127371134887616] INFO perfrun.perfcollector <> - dir found: /sys/bus/event_source/devices/tracepoint
242 [127371134887616] INFO perfrun.perfcollector <> - format: pmu format subdir doesn't exist
242 [127371134887616] INFO perfrun.perfcollector <> - hwInfo: not set, pmuFam: tracepoint
242 [127371134887616] INFO perfrun.perfcollector <> - pmu added: tracepoint, idx: 0
242 [127371134887616] INFO perfrun.perfcollector <> - dir found: /sys/bus/event_source/devices/cstate_pkg
242 [127371134887616] INFO perfrun.perfcollector <> - format: event: config:0-63, mask:0-63
242 [127371134887616] INFO perfrun.perfcollector <> - hwInfo: not set, pmuFam: cstate_pkg
242 [127371134887616] INFO perfrun.perfcollector <> - pmu caps: raw,format,events
242 [127371134887616] INFO perfrun.perfcollector <> - pmu added: cstate_pkg, idx: 0
242 [127371134887616] INFO perfrun.perfcollector <> - dir found: /sys/bus/event_source/devices/uncore_imc_free_running_0
242 [127371134887616] INFO perfrun.perfcollector <> - format: event: config:0-7, mask:0-7
242 [127371134887616] INFO perfrun.perfcollector <> - format: umask: config:8-15, mask:8-15
242 [127371134887616] INFO perfrun.perfcollector <> - hwInfo: not set, pmuFam: uncore_imc_free_running
242 [127371134887616] INFO perfrun.perfcollector <> - pmu caps: raw,format,events
242 [127371134887616] INFO perfrun.perfcollector <> - pmu added: uncore_imc_free_running, idx: 0
242 [127371134887616] INFO perfrun.perfcollector <> - dir found: /sys/bus/event_source/devices/kprobe
242 [127371134887616] INFO perfrun.perfcollector <> - format: retprobe: config:0, mask:0
242 [127371134887616] INFO perfrun.perfcollector <> - hwInfo: not set, pmuFam: kprobe
242 [127371134887616] INFO perfrun.perfcollector <> - pmu caps: raw,format
242 [127371134887616] INFO perfrun.perfcollector <> - pmu added: kprobe, idx: 0
242 [127371134887616] INFO perfrun.perfcollector <> - dir found: /sys/bus/event_source/devices/uncore_cbox_5
242 [127371134887616] INFO perfrun.perfcollector <> - format: event: config:0-7, mask:0-7
242 [127371134887616] INFO perfrun.perfcollector <> - format: edge: config:18, mask:18
242 [127371134887616] INFO perfrun.perfcollector <> - format: threshold: config:24-29, mask:24-29
242 [127371134887616] INFO perfrun.perfcollector <> - format: inv: config:23, mask:23
242 [127371134887616] INFO perfrun.perfcollector <> - format: umask: config:8-15, mask:8-15
242 [127371134887616] INFO perfrun.perfcollector <> - hwInfo: PERF_CBOX_PMU_DETAILS
242 [127371134887616] INFO perfrun.perfcollector <> - pmu caps: raw,format
242 [127371134887616] INFO perfrun.perfcollector <> - pmu added: uncore_cbox, idx: 5
242 [127371134887616] INFO perfrun.perfcollector <> - dir found: /sys/bus/event_source/devices/uncore_imc_0
242 [127371134887616] INFO perfrun.perfcollector <> - format: event: config:0-7, mask:0-7
242 [127371134887616] INFO perfrun.perfcollector <> - format: edge: config:18, mask:18
242 [127371134887616] INFO perfrun.perfcollector <> - format: chmask: config:8-11, mask:8-11
242 [127371134887616] INFO perfrun.perfcollector <> - hwInfo: PERF_IMC_PMU_DETAILS
242 [127371134887616] INFO perfrun.perfcollector <> - pmu caps: raw,format
242 [127371134887616] INFO perfrun.perfcollector <> - pmu added: uncore_imc, idx: 0
242 [127371134887616] INFO perfrun.perfcollector <> - dir found: /sys/bus/event_source/devices/i915
242 [127371134887616] INFO perfrun.perfcollector <> - format: i915_eventid: config:0-20, mask:0-20
242 [127371134887616] INFO perfrun.perfcollector <> - hwInfo: not set, pmuFam: i915
242 [127371134887616] INFO perfrun.perfcollector <> - pmu caps: raw,format,events
242 [127371134887616] INFO perfrun.perfcollector <> - pmu added: i915, idx: 0
242 [127371134887616] INFO perfrun.perfcollector <> - dir found: /sys/bus/event_source/devices/msr
242 [127371134887616] INFO perfrun.perfcollector <> - format: event: config:0-63, mask:0-63
242 [127371134887616] INFO perfrun.perfcollector <> - hwInfo: not set, pmuFam: msr
242 [127371134887616] INFO perfrun.perfcollector <> - pmu caps: raw,format,events
242 [127371134887616] INFO perfrun.perfcollector <> - pmu added: msr, idx: 0
242 [127371134887616] INFO perfrun.perfcollector <> - dir found: /sys/bus/event_source/devices/uncore_cbox_3
242 [127371134887616] INFO perfrun.perfcollector <> - format: event: config:0-7, mask:0-7
242 [127371134887616] INFO perfrun.perfcollector <> - format: edge: config:18, mask:18
242 [127371134887616] INFO perfrun.perfcollector <> - format: threshold: config:24-29, mask:24-29
242 [127371134887616] INFO perfrun.perfcollector <> - format: inv: config:23, mask:23
242 [127371134887616] INFO perfrun.perfcollector <> - format: umask: config:8-15, mask:8-15
242 [127371134887616] INFO perfrun.perfcollector <> - hwInfo: PERF_CBOX_PMU_DETAILS
242 [127371134887616] INFO perfrun.perfcollector <> - pmu caps: raw,format
242 [127371134887616] INFO perfrun.perfcollector <> - pmu added: uncore_cbox, idx: 3
242 [127371134887616] INFO perfrun.perfcollector <> - dir found: /sys/bus/event_source/devices/intel_pt
242 [127371134887616] INFO perfrun.perfcollector <> - format: ptw: config:12, mask:12
242 [127371134887616] INFO perfrun.perfcollector <> - format: event: config:31, mask:31
242 [127371134887616] INFO perfrun.perfcollector <> - format: cyc_thresh: config:19-22, mask:19-22
242 [127371134887616] INFO perfrun.perfcollector <> - format: pt: config:0, mask:0
242 [127371134887616] INFO perfrun.perfcollector <> - format: notnt: config:55, mask:55
242 [127371134887616] INFO perfrun.perfcollector <> - format: branch: config:13, mask:13
242 [127371134887616] INFO perfrun.perfcollector <> - format: tsc: config:10, mask:10
243 [127371134887616] INFO perfrun.perfcollector <> - format: pwr_evt: config:4, mask:4
243 [127371134887616] INFO perfrun.perfcollector <> - format: fup_on_ptw: config:5, mask:5
243 [127371134887616] INFO perfrun.perfcollector <> - format: cyc: config:1, mask:1
243 [127371134887616] INFO perfrun.perfcollector <> - format: noretcomp: config:11, mask:11
243 [127371134887616] INFO perfrun.perfcollector <> - format: mtc: config:9, mask:9
243 [127371134887616] INFO perfrun.perfcollector <> - format: psb_period: config:24-27, mask:24-27
243 [127371134887616] INFO perfrun.perfcollector <> - format: mtc_period: config:14-17, mask:14-17
243 [127371134887616] INFO perfrun.perfcollector <> - hwInfo: not set, pmuFam: intel_pt
243 [127371134887616] INFO perfrun.perfcollector <> - pmu caps: raw,format
243 [127371134887616] INFO perfrun.perfcollector <> - pmu added: intel_pt, idx: 0
243 [127371134887616] INFO perfrun.perfcollector <> - dir found: /sys/bus/event_source/devices/uncore_cbox_1
243 [127371134887616] INFO perfrun.perfcollector <> - format: event: config:0-7, mask:0-7
243 [127371134887616] INFO perfrun.perfcollector <> - format: edge: config:18, mask:18
243 [127371134887616] INFO perfrun.perfcollector <> - format: threshold: config:24-29, mask:24-29
243 [127371134887616] INFO perfrun.perfcollector <> - format: inv: config:23, mask:23
243 [127371134887616] INFO perfrun.perfcollector <> - format: umask: config:8-15, mask:8-15
243 [127371134887616] INFO perfrun.perfcollector <> - hwInfo: PERF_CBOX_PMU_DETAILS
243 [127371134887616] INFO perfrun.perfcollector <> - pmu caps: raw,format
243 [127371134887616] INFO perfrun.perfcollector <> - pmu added: uncore_cbox, idx: 1
243 [127371134887616] INFO perfrun.perfcollector <> - Perf tool path: /home/fabs/intel/oneapi/vtune/2026.0/bin64/amplxe-perf
243 [127371134887616] INFO perfrun.perfcollector <> - Data directory: /home/fabs/Github/kmartinez_fmelendez_jserracin_a2-2026-s1/proyecto_2/models/vtune_result2/data.0
243 [127371134887616] INFO perfrun.perfcollector <> - Temp directory: /tmp/amplxe-tmp-fabs
243 [127371134887616] INFO perfrun.perfcollector <> - Perf sync path: /home/fabs/intel/oneapi/vtune/2026.0/bin64/amplxe-perf-sync
243 [127371134887616] INFO perfrun.perfcollector <> - Hypervisor = None
243 [127371134887616] INFO perfrun.perfcollector <> - Counting mode is requested
243 [127371134887616] INFO perfrun.perfcollector <> - Sample after multiplier: 1
243 [127371134887616] INFO perfrun.sdk <> - runCmd: /home/fabs/intel/oneapi/vtune/2026.0/bin64/sep -dry-run -sam 1 -ec CPU_CLK_UNHALTED.THREAD:sa=2500000,CPU_CLK_UNHALTED.REF_TSC:sample:sa=2500000,INST_RETIRED.ANY:sample:sa=2500000,CPU_CLK_UNHALTED.DISTRIBUTED:sa=2500000,FP_ARITH_INST_RETIRED.SCALAR_SINGLE:sa=2000003,FP_ARITH_INST_RETIRED.128B_PACKED_SINGLE:sa=2000003,FP_ARITH_INST_RETIRED.256B_PACKED_SINGLE:sa=2000003,FP_ARITH_INST_RETIRED.SCALAR_DOUBLE:sa=2000003,FP_ARITH_INST_RETIRED.128B_PACKED_DOUBLE:sa=2000003,FP_ARITH_INST_RETIRED.256B_PACKED_DOUBLE:sa=2000003,UOPS_EXECUTED.X87:sa=2000003,UOPS_RETIRED.SLOTS:sa=2000003,UOPS_EXECUTED.THREAD:sa=2000003,TOPDOWN.SLOTS:sample:sa=2000003,TOPDOWN.SLOTS_P:sample:sa=2000003,TOPDOWN_RETIRING.ALL_P:sample:sa=2000003,TOPDOWN_RETIRING.ALL:sample:sa=2000003 -experimental
244 [127371134887616] INFO perfrun.sdk <> - runCmd started PID 49605
261 [127371134887616] INFO perfrun.perfcollector <> - SepDryRun RC = true
261 [127371134887616] INFO perfrun.perfcollector <> - Loading SEP event configuration
261 [127371134887616] INFO perfrun.perfcollector <> - pmu: cpu_core
261 [127371134887616] INFO perfrun.perfcollector <> - group_id: 0
261 [127371134887616] INFO perfrun.perfcollector <> - event_id: 2: INST_RETIRED.ANY
262 [127371134887616] INFO perfrun.perfcollector <> - event_id: 0: CPU_CLK_UNHALTED.THREAD
262 [127371134887616] INFO perfrun.perfcollector <> - event_id: 1: CPU_CLK_UNHALTED.REF_TSC
262 [127371134887616] INFO perfrun.perfcollector <> - event_id: 13: TOPDOWN.SLOTS
262 [127371134887616] INFO perfrun.perfcollector <> - event_id: 3: CPU_CLK_UNHALTED.DISTRIBUTED
262 [127371134887616] INFO perfrun.perfcollector <> - event_id: 4: FP_ARITH_INST_RETIRED.SCALAR_SINGLE
262 [127371134887616] INFO perfrun.perfcollector <> - event_id: 5: FP_ARITH_INST_RETIRED.128B_PACKED_SINGLE
262 [127371134887616] INFO perfrun.perfcollector <> - event_id: 6: FP_ARITH_INST_RETIRED.256B_PACKED_SINGLE
262 [127371134887616] INFO perfrun.perfcollector <> - event_id: 7: FP_ARITH_INST_RETIRED.SCALAR_DOUBLE
262 [127371134887616] INFO perfrun.perfcollector <> - event_id: 8: FP_ARITH_INST_RETIRED.128B_PACKED_DOUBLE
262 [127371134887616] INFO perfrun.perfcollector <> - event_id: 9: FP_ARITH_INST_RETIRED.256B_PACKED_DOUBLE
262 [127371134887616] INFO perfrun.perfcollector <> - event_id: 10: UOPS_EXECUTED.X87
262 [127371134887616] INFO perfrun.perfcollector <> - group_id: 0: pebs_enable: addr: 3f1, value: f000000ff
262 [127371134887616] INFO perfrun.perfcollector <> - event_id: 3: cccr: addr: 186, value: 4302ec
262 [127371134887616] INFO perfrun.perfcollector <> - event_id: 4: cccr: addr: 187, value: 4302c7
262 [127371134887616] INFO perfrun.perfcollector <> - event_id: 5: cccr: addr: 188, value: 4308c7
262 [127371134887616] INFO perfrun.perfcollector <> - event_id: 6: cccr: addr: 189, value: 4320c7
262 [127371134887616] INFO perfrun.perfcollector <> - event_id: 7: cccr: addr: 18a, value: 4301c7
262 [127371134887616] INFO perfrun.perfcollector <> - event_id: 8: cccr: addr: 18b, value: 4304c7
262 [127371134887616] INFO perfrun.perfcollector <> - event_id: 9: cccr: addr: 18c, value: 4310c7
262 [127371134887616] INFO perfrun.perfcollector <> - event_id: 10: cccr: addr: 18d, value: 4310b1
262 [127371134887616] INFO perfrun.perfcollector <> - event_id: 2: data: addr: 309, value: ffffffffffd9da60
262 [127371134887616] INFO perfrun.perfcollector <> - event_id: 0: data: addr: 30a, value: ffffffffffd9da60
262 [127371134887616] INFO perfrun.perfcollector <> - event_id: 1: data: addr: 30b, value: ffffffffffd9da60
262 [127371134887616] INFO perfrun.perfcollector <> - event_id: 13: data: addr: 30c, value: ffffffffffe17b7d
262 [127371134887616] INFO perfrun.perfcollector <> - event_id: 3: data: addr: c1, value: ffffffffffd9da60
262 [127371134887616] INFO perfrun.perfcollector <> - event_id: 4: data: addr: c2, value: ffffffffffe17b7d
262 [127371134887616] INFO perfrun.perfcollector <> - event_id: 5: data: addr: c3, value: ffffffffffe17b7d
262 [127371134887616] INFO perfrun.perfcollector <> - event_id: 6: data: addr: c4, value: ffffffffffe17b7d
262 [127371134887616] INFO perfrun.perfcollector <> - event_id: 7: data: addr: c5, value: ffffffffffe17b7d
262 [127371134887616] INFO perfrun.perfcollector <> - event_id: 8: data: addr: c6, value: ffffffffffe17b7d
262 [127371134887616] INFO perfrun.perfcollector <> - event_id: 9: data: addr: c7, value: ffffffffffe17b7d
262 [127371134887616] INFO perfrun.perfcollector <> - event_id: 10: data: addr: c8, value: ffffffffffe17b7d
262 [127371134887616] INFO perfrun.perfcollector <> - group_id: 1
262 [127371134887616] INFO perfrun.perfcollector <> - event_id: 2: INST_RETIRED.ANY
262 [127371134887616] INFO perfrun.perfcollector <> - event_id: 0: CPU_CLK_UNHALTED.THREAD
262 [127371134887616] INFO perfrun.perfcollector <> - event_id: 1: CPU_CLK_UNHALTED.REF_TSC
262 [127371134887616] INFO perfrun.perfcollector <> - event_id: 13: TOPDOWN.SLOTS
262 [127371134887616] INFO perfrun.perfcollector <> - event_id: 11: UOPS_RETIRED.SLOTS
262 [127371134887616] INFO perfrun.perfcollector <> - event_id: 12: UOPS_EXECUTED.THREAD
262 [127371134887616] INFO perfrun.perfcollector <> - event_id: 14: TOPDOWN.SLOTS_P
262 [127371134887616] INFO perfrun.perfcollector <> - group_id: 1: pebs_enable: addr: 3f1, value: f00000007
262 [127371134887616] INFO perfrun.perfcollector <> - event_id: 11: cccr: addr: 186, value: 4302c2
262 [127371134887616] INFO perfrun.perfcollector <> - event_id: 12: cccr: addr: 187, value: 4301b1
262 [127371134887616] INFO perfrun.perfcollector <> - event_id: 14: cccr: addr: 188, value: 4301a4
262 [127371134887616] INFO perfrun.perfcollector <> - event_id: 2: data: addr: 309, value: ffffffffffd9da60
262 [127371134887616] INFO perfrun.perfcollector <> - event_id: 0: data: addr: 30a, value: ffffffffffd9da60
262 [127371134887616] INFO perfrun.perfcollector <> - event_id: 1: data: addr: 30b, value: ffffffffffd9da60
262 [127371134887616] INFO perfrun.perfcollector <> - event_id: 13: data: addr: 30c, value: ffffffffffe17b7d
262 [127371134887616] INFO perfrun.perfcollector <> - event_id: 11: data: addr: c1, value: ffffffffffe17b7d
262 [127371134887616] INFO perfrun.perfcollector <> - event_id: 12: data: addr: c2, value: ffffffffffe17b7d
262 [127371134887616] INFO perfrun.perfcollector <> - event_id: 14: data: addr: c3, value: ffffffffffe17b7d
262 [127371134887616] INFO perfrun.perfcollector <> - pmu: cpu_atom
262 [127371134887616] INFO perfrun.perfcollector <> - group_id: 0
262 [127371134887616] INFO perfrun.perfcollector <> - event_id: 2: INST_RETIRED.ANY
262 [127371134887616] INFO perfrun.perfcollector <> - event_id: 0: CPU_CLK_UNHALTED.THREAD
262 [127371134887616] INFO perfrun.perfcollector <> - event_id: 1: CPU_CLK_UNHALTED.REF_TSC
262 [127371134887616] INFO perfrun.perfcollector <> - event_id: 16: TOPDOWN_RETIRING.ALL
262 [127371134887616] INFO perfrun.perfcollector <> - group_id: 0: pebs_enable: addr: 3f1, value: 700000001
262 [127371134887616] INFO perfrun.perfcollector <> - event_id: 16: cccr: addr: 186, value: 4300c2
262 [127371134887616] INFO perfrun.perfcollector <> - event_id: 2: data: addr: 309, value: ffffffffffd9da60
262 [127371134887616] INFO perfrun.perfcollector <> - event_id: 0: data: addr: 30a, value: ffffffffffd9da60
262 [127371134887616] INFO perfrun.perfcollector <> - event_id: 1: data: addr: 30b, value: ffffffffffd9da60
262 [127371134887616] INFO perfrun.perfcollector <> - event_id: 16: data: addr: c1, value: ffffffffffe17b7d
262 [127371134887616] INFO perfrun.perfcollector <> - Converting events to Perf format
262 [127371134887616] INFO perfrun.perfcollector <> - event: 0: CPU_CLK_UNHALTED.THREAD
262 [127371134887616] INFO perfrun.perfcollector <> - cccr: addr: ffffffff, value: 0
262 [127371134887616] INFO perfrun.perfcollector <> - data: addr: 30a, value: ffffffffffd9da60
262 [127371134887616] INFO perfrun.perfcollector <> - pebs_enable: 700000001
262 [127371134887616] INFO perfrun.perfcollector <> - pmu config: cpu_atom
262 [127371134887616] INFO perfrun.perfcollector <> - config: cmask: 0
262 [127371134887616] INFO perfrun.perfcollector <> - config: edge: 0
262 [127371134887616] INFO perfrun.perfcollector <> - config: event: 3c
262 [127371134887616] INFO perfrun.perfcollector <> - config: inv: 0
262 [127371134887616] INFO perfrun.perfcollector <> - config1: ldlat: 0
262 [127371134887616] INFO perfrun.perfcollector <> - config1: offcore_rsp: 0
262 [127371134887616] INFO perfrun.perfcollector <> - config: pc: 0
262 [127371134887616] INFO perfrun.perfcollector <> - config: umask: 0
262 [127371134887616] INFO perfrun.perfcollector <> - format: cpu_atom/event=0x3c,name='CPU_CLK_UNHALTED.THREAD[ATOM]'/D
262 [127371134887616] INFO perfrun.perfcollector <> - precise event: extended pebs bit is enabled
262 [127371134887616] INFO perfrun.perfcollector <> - event: 1: CPU_CLK_UNHALTED.REF_TSC
262 [127371134887616] INFO perfrun.perfcollector <> - cccr: addr: ffffffff, value: 0
262 [127371134887616] INFO perfrun.perfcollector <> - data: addr: 30b, value: ffffffffffd9da60
262 [127371134887616] INFO perfrun.perfcollector <> - pebs_enable: 700000001
262 [127371134887616] INFO perfrun.perfcollector <> - pmu config: cpu_atom
262 [127371134887616] INFO perfrun.perfcollector <> - config: cmask: 0
262 [127371134887616] INFO perfrun.perfcollector <> - config: edge: 0
262 [127371134887616] INFO perfrun.perfcollector <> - config: event: 0
262 [127371134887616] INFO perfrun.perfcollector <> - config: inv: 0
262 [127371134887616] INFO perfrun.perfcollector <> - config1: ldlat: 0
262 [127371134887616] INFO perfrun.perfcollector <> - config1: offcore_rsp: 0
262 [127371134887616] INFO perfrun.perfcollector <> - config: pc: 0
262 [127371134887616] INFO perfrun.perfcollector <> - config: umask: 3
262 [127371134887616] INFO perfrun.perfcollector <> - format: cpu_atom/umask=0x3,name='CPU_CLK_UNHALTED.REF_TSC[ATOM]'/D
262 [127371134887616] INFO perfrun.perfcollector <> - precise event: extended pebs bit is enabled
262 [127371134887616] INFO perfrun.perfcollector <> - event: 2: INST_RETIRED.ANY
262 [127371134887616] INFO perfrun.perfcollector <> - cccr: addr: ffffffff, value: 0
262 [127371134887616] INFO perfrun.perfcollector <> - data: addr: 309, value: ffffffffffd9da60
262 [127371134887616] INFO perfrun.perfcollector <> - pebs_enable: 700000001
262 [127371134887616] INFO perfrun.perfcollector <> - pmu config: cpu_atom
262 [127371134887616] INFO perfrun.perfcollector <> - config: cmask: 0
262 [127371134887616] INFO perfrun.perfcollector <> - config: edge: 0
262 [127371134887616] INFO perfrun.perfcollector <> - config: event: c0
262 [127371134887616] INFO perfrun.perfcollector <> - config: inv: 0
262 [127371134887616] INFO perfrun.perfcollector <> - config1: ldlat: 0
262 [127371134887616] INFO perfrun.perfcollector <> - config1: offcore_rsp: 0
262 [127371134887616] INFO perfrun.perfcollector <> - config: pc: 0
262 [127371134887616] INFO perfrun.perfcollector <> - config: umask: 0
262 [127371134887616] INFO perfrun.perfcollector <> - format: cpu_atom/event=0xc0,name='INST_RETIRED.ANY[ATOM]'/D
262 [127371134887616] INFO perfrun.perfcollector <> - precise event: extended pebs bit is enabled
262 [127371134887616] INFO perfrun.perfcollector <> - event: 16: TOPDOWN_RETIRING.ALL
262 [127371134887616] INFO perfrun.perfcollector <> - cccr: addr: 186, value: 4300c2
262 [127371134887616] INFO perfrun.perfcollector <> - data: addr: c1, value: ffffffffffe17b7d
262 [127371134887616] INFO perfrun.perfcollector <> - pebs_enable: 700000001
262 [127371134887616] INFO perfrun.perfcollector <> - pmu config: cpu_atom
262 [127371134887616] INFO perfrun.perfcollector <> - config: cmask: 0
262 [127371134887616] INFO perfrun.perfcollector <> - config: edge: 0
262 [127371134887616] INFO perfrun.perfcollector <> - config: event: c2
262 [127371134887616] INFO perfrun.perfcollector <> - config: inv: 0
262 [127371134887616] INFO perfrun.perfcollector <> - config1: ldlat: 0
262 [127371134887616] INFO perfrun.perfcollector <> - config1: offcore_rsp: 0
262 [127371134887616] INFO perfrun.perfcollector <> - config: pc: 0
262 [127371134887616] INFO perfrun.perfcollector <> - config: umask: 0
262 [127371134887616] INFO perfrun.perfcollector <> - format: cpu_atom/event=0xc2,name='TOPDOWN_RETIRING.ALL[ATOM]'/
262 [127371134887616] INFO perfrun.perfcollector <> - precise event: event selector has no imprecise bit
262 [127371134887616] INFO perfrun.perfcollector <> - event: 0: CPU_CLK_UNHALTED.THREAD
262 [127371134887616] INFO perfrun.perfcollector <> - cccr: addr: ffffffff, value: 0
262 [127371134887616] INFO perfrun.perfcollector <> - data: addr: 30a, value: ffffffffffd9da60
262 [127371134887616] INFO perfrun.perfcollector <> - pebs_enable: f00000007
262 [127371134887616] INFO perfrun.perfcollector <> - pmu config: cpu_core
262 [127371134887616] INFO perfrun.perfcollector <> - config: cmask: 0
262 [127371134887616] INFO perfrun.perfcollector <> - config: edge: 0
262 [127371134887616] INFO perfrun.perfcollector <> - config: event: 3c
262 [127371134887616] INFO perfrun.perfcollector <> - config1: frontend: 0
262 [127371134887616] INFO perfrun.perfcollector <> - config: inv: 0
262 [127371134887616] INFO perfrun.perfcollector <> - config1: ldlat: 0
262 [127371134887616] INFO perfrun.perfcollector <> - config1: offcore_rsp: 0
262 [127371134887616] INFO perfrun.perfcollector <> - config: pc: 0
262 [127371134887616] INFO perfrun.perfcollector <> - config: umask: 0
262 [127371134887616] INFO perfrun.perfcollector <> - format: cpu_core/event=0x3c,name='CPU_CLK_UNHALTED.THREAD[CORE]'/D
262 [127371134887616] INFO perfrun.perfcollector <> - precise event: extended pebs bit is enabled
262 [127371134887616] INFO perfrun.perfcollector <> - event: 1: CPU_CLK_UNHALTED.REF_TSC
262 [127371134887616] INFO perfrun.perfcollector <> - cccr: addr: ffffffff, value: 0
262 [127371134887616] INFO perfrun.perfcollector <> - data: addr: 30b, value: ffffffffffd9da60
262 [127371134887616] INFO perfrun.perfcollector <> - pebs_enable: f00000007
262 [127371134887616] INFO perfrun.perfcollector <> - pmu config: cpu_core
262 [127371134887616] INFO perfrun.perfcollector <> - config: cmask: 0
262 [127371134887616] INFO perfrun.perfcollector <> - config: edge: 0
262 [127371134887616] INFO perfrun.perfcollector <> - config: event: 0
262 [127371134887616] INFO perfrun.perfcollector <> - config1: frontend: 0
262 [127371134887616] INFO perfrun.perfcollector <> - config: inv: 0
262 [127371134887616] INFO perfrun.perfcollector <> - config1: ldlat: 0
262 [127371134887616] INFO perfrun.perfcollector <> - config1: offcore_rsp: 0
262 [127371134887616] INFO perfrun.perfcollector <> - config: pc: 0
262 [127371134887616] INFO perfrun.perfcollector <> - config: umask: 3
262 [127371134887616] INFO perfrun.perfcollector <> - format: cpu_core/umask=0x3,name='CPU_CLK_UNHALTED.REF_TSC[CORE]'/D
262 [127371134887616] INFO perfrun.perfcollector <> - precise event: extended pebs bit is enabled
262 [127371134887616] INFO perfrun.perfcollector <> - event: 2: INST_RETIRED.ANY
262 [127371134887616] INFO perfrun.perfcollector <> - cccr: addr: ffffffff, value: 0
262 [127371134887616] INFO perfrun.perfcollector <> - data: addr: 309, value: ffffffffffd9da60
262 [127371134887616] INFO perfrun.perfcollector <> - pebs_enable: f00000007
262 [127371134887616] INFO perfrun.perfcollector <> - pmu config: cpu_core
262 [127371134887616] INFO perfrun.perfcollector <> - config: cmask: 0
262 [127371134887616] INFO perfrun.perfcollector <> - config: edge: 0
262 [127371134887616] INFO perfrun.perfcollector <> - config: event: c0
262 [127371134887616] INFO perfrun.perfcollector <> - config1: frontend: 0
262 [127371134887616] INFO perfrun.perfcollector <> - config: inv: 0
262 [127371134887616] INFO perfrun.perfcollector <> - config1: ldlat: 0
262 [127371134887616] INFO perfrun.perfcollector <> - config1: offcore_rsp: 0
262 [127371134887616] INFO perfrun.perfcollector <> - config: pc: 0
262 [127371134887616] INFO perfrun.perfcollector <> - config: umask: 0
262 [127371134887616] INFO perfrun.perfcollector <> - format: cpu_core/event=0xc0,name='INST_RETIRED.ANY[CORE]'/D
262 [127371134887616] INFO perfrun.perfcollector <> - pdist event: pmu is cpu_core, event is fixed0
262 [127371134887616] INFO perfrun.perfcollector <> - event: 3: CPU_CLK_UNHALTED.DISTRIBUTED
262 [127371134887616] INFO perfrun.perfcollector <> - cccr: addr: 186, value: 4302ec
262 [127371134887616] INFO perfrun.perfcollector <> - data: addr: c1, value: ffffffffffd9da60
262 [127371134887616] INFO perfrun.perfcollector <> - pebs_enable: f000000ff
262 [127371134887616] INFO perfrun.perfcollector <> - pmu config: cpu_core
262 [127371134887616] INFO perfrun.perfcollector <> - config: cmask: 0
263 [127371134887616] INFO perfrun.perfcollector <> - config: edge: 0
263 [127371134887616] INFO perfrun.perfcollector <> - config: event: ec
263 [127371134887616] INFO perfrun.perfcollector <> - config1: frontend: 0
263 [127371134887616] INFO perfrun.perfcollector <> - config: inv: 0
263 [127371134887616] INFO perfrun.perfcollector <> - config1: ldlat: 0
263 [127371134887616] INFO perfrun.perfcollector <> - config1: offcore_rsp: 0
263 [127371134887616] INFO perfrun.perfcollector <> - config: pc: 0
263 [127371134887616] INFO perfrun.perfcollector <> - config: umask: 2
263 [127371134887616] INFO perfrun.perfcollector <> - format: cpu_core/event=0xec,umask=0x2,name='CPU_CLK_UNHALTED.DISTRIBUTED[CORE]'/
263 [127371134887616] INFO perfrun.perfcollector <> - precise event: event selector has no imprecise bit
263 [127371134887616] INFO perfrun.perfcollector <> - event: 4: FP_ARITH_INST_RETIRED.SCALAR_SINGLE
263 [127371134887616] INFO perfrun.perfcollector <> - cccr: addr: 187, value: 4302c7
263 [127371134887616] INFO perfrun.perfcollector <> - data: addr: c2, value: ffffffffffe17b7d
263 [127371134887616] INFO perfrun.perfcollector <> - pebs_enable: f000000ff
263 [127371134887616] INFO perfrun.perfcollector <> - pmu config: cpu_core
263 [127371134887616] INFO perfrun.perfcollector <> - config: cmask: 0
263 [127371134887616] INFO perfrun.perfcollector <> - config: edge: 0
263 [127371134887616] INFO perfrun.perfcollector <> - config: event: c7
263 [127371134887616] INFO perfrun.perfcollector <> - config1: frontend: 0
263 [127371134887616] INFO perfrun.perfcollector <> - config: inv: 0
263 [127371134887616] INFO perfrun.perfcollector <> - config1: ldlat: 0
263 [127371134887616] INFO perfrun.perfcollector <> - config1: offcore_rsp: 0
263 [127371134887616] INFO perfrun.perfcollector <> - config: pc: 0
263 [127371134887616] INFO perfrun.perfcollector <> - config: umask: 2
263 [127371134887616] INFO perfrun.perfcollector <> - format: cpu_core/event=0xc7,umask=0x2,name='FP_ARITH_INST_RETIRED.SCALAR_SINGLE[CORE]'/
263 [127371134887616] INFO perfrun.perfcollector <> - precise event: event selector has no imprecise bit
263 [127371134887616] INFO perfrun.perfcollector <> - event: 5: FP_ARITH_INST_RETIRED.128B_PACKED_SINGLE
263 [127371134887616] INFO perfrun.perfcollector <> - cccr: addr: 188, value: 4308c7
263 [127371134887616] INFO perfrun.perfcollector <> - data: addr: c3, value: ffffffffffe17b7d
263 [127371134887616] INFO perfrun.perfcollector <> - pebs_enable: f000000ff
263 [127371134887616] INFO perfrun.perfcollector <> - pmu config: cpu_core
263 [127371134887616] INFO perfrun.perfcollector <> - config: cmask: 0
263 [127371134887616] INFO perfrun.perfcollector <> - config: edge: 0
263 [127371134887616] INFO perfrun.perfcollector <> - config: event: c7
263 [127371134887616] INFO perfrun.perfcollector <> - config1: frontend: 0
263 [127371134887616] INFO perfrun.perfcollector <> - config: inv: 0
263 [127371134887616] INFO perfrun.perfcollector <> - config1: ldlat: 0
263 [127371134887616] INFO perfrun.perfcollector <> - config1: offcore_rsp: 0
263 [127371134887616] INFO perfrun.perfcollector <> - config: pc: 0
263 [127371134887616] INFO perfrun.perfcollector <> - config: umask: 8
263 [127371134887616] INFO perfrun.perfcollector <> - format: cpu_core/event=0xc7,umask=0x8,name='FP_ARITH_INST_RETIRED.128B_PACKED_SINGLE[CORE]'/
263 [127371134887616] INFO perfrun.perfcollector <> - precise event: event selector has no imprecise bit
263 [127371134887616] INFO perfrun.perfcollector <> - event: 6: FP_ARITH_INST_RETIRED.256B_PACKED_SINGLE
263 [127371134887616] INFO perfrun.perfcollector <> - cccr: addr: 189, value: 4320c7
263 [127371134887616] INFO perfrun.perfcollector <> - data: addr: c4, value: ffffffffffe17b7d
263 [127371134887616] INFO perfrun.perfcollector <> - pebs_enable: f000000ff
263 [127371134887616] INFO perfrun.perfcollector <> - pmu config: cpu_core
263 [127371134887616] INFO perfrun.perfcollector <> - config: cmask: 0
263 [127371134887616] INFO perfrun.perfcollector <> - config: edge: 0
263 [127371134887616] INFO perfrun.perfcollector <> - config: event: c7
263 [127371134887616] INFO perfrun.perfcollector <> - config1: frontend: 0
263 [127371134887616] INFO perfrun.perfcollector <> - config: inv: 0
263 [127371134887616] INFO perfrun.perfcollector <> - config1: ldlat: 0
263 [127371134887616] INFO perfrun.perfcollector <> - config1: offcore_rsp: 0
263 [127371134887616] INFO perfrun.perfcollector <> - config: pc: 0
263 [127371134887616] INFO perfrun.perfcollector <> - config: umask: 20
263 [127371134887616] INFO perfrun.perfcollector <> - format: cpu_core/event=0xc7,umask=0x20,name='FP_ARITH_INST_RETIRED.256B_PACKED_SINGLE[CORE]'/
263 [127371134887616] INFO perfrun.perfcollector <> - precise event: event selector has no imprecise bit
263 [127371134887616] INFO perfrun.perfcollector <> - event: 7: FP_ARITH_INST_RETIRED.SCALAR_DOUBLE
263 [127371134887616] INFO perfrun.perfcollector <> - cccr: addr: 18a, value: 4301c7
263 [127371134887616] INFO perfrun.perfcollector <> - data: addr: c5, value: ffffffffffe17b7d
263 [127371134887616] INFO perfrun.perfcollector <> - pebs_enable: f000000ff
263 [127371134887616] INFO perfrun.perfcollector <> - pmu config: cpu_core
263 [127371134887616] INFO perfrun.perfcollector <> - config: cmask: 0
263 [127371134887616] INFO perfrun.perfcollector <> - config: edge: 0
263 [127371134887616] INFO perfrun.perfcollector <> - config: event: c7
263 [127371134887616] INFO perfrun.perfcollector <> - config1: frontend: 0
263 [127371134887616] INFO perfrun.perfcollector <> - config: inv: 0
263 [127371134887616] INFO perfrun.perfcollector <> - config1: ldlat: 0
263 [127371134887616] INFO perfrun.perfcollector <> - config1: offcore_rsp: 0
263 [127371134887616] INFO perfrun.perfcollector <> - config: pc: 0
263 [127371134887616] INFO perfrun.perfcollector <> - config: umask: 1
263 [127371134887616] INFO perfrun.perfcollector <> - format: cpu_core/event=0xc7,umask=0x1,name='FP_ARITH_INST_RETIRED.SCALAR_DOUBLE[CORE]'/
263 [127371134887616] INFO perfrun.perfcollector <> - precise event: event selector has no imprecise bit
263 [127371134887616] INFO perfrun.perfcollector <> - event: 8: FP_ARITH_INST_RETIRED.128B_PACKED_DOUBLE
263 [127371134887616] INFO perfrun.perfcollector <> - cccr: addr: 18b, value: 4304c7
263 [127371134887616] INFO perfrun.perfcollector <> - data: addr: c6, value: ffffffffffe17b7d
263 [127371134887616] INFO perfrun.perfcollector <> - pebs_enable: f000000ff
263 [127371134887616] INFO perfrun.perfcollector <> - pmu config: cpu_core
263 [127371134887616] INFO perfrun.perfcollector <> - config: cmask: 0
263 [127371134887616] INFO perfrun.perfcollector <> - config: edge: 0
263 [127371134887616] INFO perfrun.perfcollector <> - config: event: c7
263 [127371134887616] INFO perfrun.perfcollector <> - config1: frontend: 0
263 [127371134887616] INFO perfrun.perfcollector <> - config: inv: 0
263 [127371134887616] INFO perfrun.perfcollector <> - config1: ldlat: 0
263 [127371134887616] INFO perfrun.perfcollector <> - config1: offcore_rsp: 0
263 [127371134887616] INFO perfrun.perfcollector <> - config: pc: 0
263 [127371134887616] INFO perfrun.perfcollector <> - config: umask: 4
263 [127371134887616] INFO perfrun.perfcollector <> - format: cpu_core/event=0xc7,umask=0x4,name='FP_ARITH_INST_RETIRED.128B_PACKED_DOUBLE[CORE]'/
263 [127371134887616] INFO perfrun.perfcollector <> - precise event: event selector has no imprecise bit
263 [127371134887616] INFO perfrun.perfcollector <> - event: 9: FP_ARITH_INST_RETIRED.256B_PACKED_DOUBLE
263 [127371134887616] INFO perfrun.perfcollector <> - cccr: addr: 18c, value: 4310c7
263 [127371134887616] INFO perfrun.perfcollector <> - data: addr: c7, value: ffffffffffe17b7d
263 [127371134887616] INFO perfrun.perfcollector <> - pebs_enable: f000000ff
263 [127371134887616] INFO perfrun.perfcollector <> - pmu config: cpu_core
263 [127371134887616] INFO perfrun.perfcollector <> - config: cmask: 0
263 [127371134887616] INFO perfrun.perfcollector <> - config: edge: 0
263 [127371134887616] INFO perfrun.perfcollector <> - config: event: c7
263 [127371134887616] INFO perfrun.perfcollector <> - config1: frontend: 0
263 [127371134887616] INFO perfrun.perfcollector <> - config: inv: 0
263 [127371134887616] INFO perfrun.perfcollector <> - config1: ldlat: 0
263 [127371134887616] INFO perfrun.perfcollector <> - config1: offcore_rsp: 0
263 [127371134887616] INFO perfrun.perfcollector <> - config: pc: 0
263 [127371134887616] INFO perfrun.perfcollector <> - config: umask: 10
263 [127371134887616] INFO perfrun.perfcollector <> - format: cpu_core/event=0xc7,umask=0x10,name='FP_ARITH_INST_RETIRED.256B_PACKED_DOUBLE[CORE]'/
263 [127371134887616] INFO perfrun.perfcollector <> - precise event: event selector has no imprecise bit
263 [127371134887616] INFO perfrun.perfcollector <> - event: 10: UOPS_EXECUTED.X87
263 [127371134887616] INFO perfrun.perfcollector <> - cccr: addr: 18d, value: 4310b1
263 [127371134887616] INFO perfrun.perfcollector <> - data: addr: c8, value: ffffffffffe17b7d
263 [127371134887616] INFO perfrun.perfcollector <> - pebs_enable: f000000ff
263 [127371134887616] INFO perfrun.perfcollector <> - pmu config: cpu_core
263 [127371134887616] INFO perfrun.perfcollector <> - config: cmask: 0
263 [127371134887616] INFO perfrun.perfcollector <> - config: edge: 0
263 [127371134887616] INFO perfrun.perfcollector <> - config: event: b1
263 [127371134887616] INFO perfrun.perfcollector <> - config1: frontend: 0
263 [127371134887616] INFO perfrun.perfcollector <> - config: inv: 0
263 [127371134887616] INFO perfrun.perfcollector <> - config1: ldlat: 0
263 [127371134887616] INFO perfrun.perfcollector <> - config1: offcore_rsp: 0
263 [127371134887616] INFO perfrun.perfcollector <> - config: pc: 0
263 [127371134887616] INFO perfrun.perfcollector <> - config: umask: 10
263 [127371134887616] INFO perfrun.perfcollector <> - format: cpu_core/event=0xb1,umask=0x10,name='UOPS_EXECUTED.X87[CORE]'/
263 [127371134887616] INFO perfrun.perfcollector <> - precise event: event selector has no imprecise bit
263 [127371134887616] INFO perfrun.perfcollector <> - event: 11: UOPS_RETIRED.SLOTS
263 [127371134887616] INFO perfrun.perfcollector <> - cccr: addr: 186, value: 4302c2
263 [127371134887616] INFO perfrun.perfcollector <> - data: addr: c1, value: ffffffffffe17b7d
263 [127371134887616] INFO perfrun.perfcollector <> - pebs_enable: f00000007
263 [127371134887616] INFO perfrun.perfcollector <> - pmu config: cpu_core
263 [127371134887616] INFO perfrun.perfcollector <> - config: cmask: 0
263 [127371134887616] INFO perfrun.perfcollector <> - config: edge: 0
263 [127371134887616] INFO perfrun.perfcollector <> - config: event: c2
263 [127371134887616] INFO perfrun.perfcollector <> - config1: frontend: 0
263 [127371134887616] INFO perfrun.perfcollector <> - config: inv: 0
263 [127371134887616] INFO perfrun.perfcollector <> - config1: ldlat: 0
263 [127371134887616] INFO perfrun.perfcollector <> - config1: offcore_rsp: 0
263 [127371134887616] INFO perfrun.perfcollector <> - config: pc: 0
263 [127371134887616] INFO perfrun.perfcollector <> - config: umask: 2
263 [127371134887616] INFO perfrun.perfcollector <> - format: cpu_core/event=0xc2,umask=0x2,name='UOPS_RETIRED.SLOTS[CORE]'/
263 [127371134887616] INFO perfrun.perfcollector <> - precise event: event selector has no imprecise bit
263 [127371134887616] INFO perfrun.perfcollector <> - event: 12: UOPS_EXECUTED.THREAD
263 [127371134887616] INFO perfrun.perfcollector <> - cccr: addr: 187, value: 4301b1
263 [127371134887616] INFO perfrun.perfcollector <> - data: addr: c2, value: ffffffffffe17b7d
263 [127371134887616] INFO perfrun.perfcollector <> - pebs_enable: f00000007
263 [127371134887616] INFO perfrun.perfcollector <> - pmu config: cpu_core
263 [127371134887616] INFO perfrun.perfcollector <> - config: cmask: 0
263 [127371134887616] INFO perfrun.perfcollector <> - config: edge: 0
263 [127371134887616] INFO perfrun.perfcollector <> - config: event: b1
263 [127371134887616] INFO perfrun.perfcollector <> - config1: frontend: 0
263 [127371134887616] INFO perfrun.perfcollector <> - config: inv: 0
263 [127371134887616] INFO perfrun.perfcollector <> - config1: ldlat: 0
263 [127371134887616] INFO perfrun.perfcollector <> - config1: offcore_rsp: 0
263 [127371134887616] INFO perfrun.perfcollector <> - config: pc: 0
263 [127371134887616] INFO perfrun.perfcollector <> - config: umask: 1
263 [127371134887616] INFO perfrun.perfcollector <> - format: cpu_core/event=0xb1,umask=0x1,name='UOPS_EXECUTED.THREAD[CORE]'/
263 [127371134887616] INFO perfrun.perfcollector <> - precise event: event selector has no imprecise bit
263 [127371134887616] INFO perfrun.perfcollector <> - event: 13: TOPDOWN.SLOTS
263 [127371134887616] INFO perfrun.perfcollector <> - cccr: addr: ffffffff, value: 0
263 [127371134887616] INFO perfrun.perfcollector <> - data: addr: 30c, value: ffffffffffe17b7d
263 [127371134887616] INFO perfrun.perfcollector <> - pebs_enable: f00000007
263 [127371134887616] INFO perfrun.perfcollector <> - pmu config: cpu_core
263 [127371134887616] INFO perfrun.perfcollector <> - config: cmask: 0
263 [127371134887616] INFO perfrun.perfcollector <> - config: edge: 0
263 [127371134887616] INFO perfrun.perfcollector <> - config: event: 0
263 [127371134887616] INFO perfrun.perfcollector <> - config1: frontend: 0
263 [127371134887616] INFO perfrun.perfcollector <> - config: inv: 0
263 [127371134887616] INFO perfrun.perfcollector <> - config1: ldlat: 0
263 [127371134887616] INFO perfrun.perfcollector <> - config1: offcore_rsp: 0
263 [127371134887616] INFO perfrun.perfcollector <> - config: pc: 0
263 [127371134887616] INFO perfrun.perfcollector <> - config: umask: 4
263 [127371134887616] INFO perfrun.perfcollector <> - format: cpu_core/umask=0x4,name='TOPDOWN.SLOTS[CORE]'/D
263 [127371134887616] INFO perfrun.perfcollector <> - precise event: extended pebs bit is enabled
263 [127371134887616] INFO perfrun.perfcollector <> - event: 14: TOPDOWN.SLOTS_P
263 [127371134887616] INFO perfrun.perfcollector <> - cccr: addr: 188, value: 4301a4
263 [127371134887616] INFO perfrun.perfcollector <> - data: addr: c3, value: ffffffffffe17b7d
263 [127371134887616] INFO perfrun.perfcollector <> - pebs_enable: f00000007
263 [127371134887616] INFO perfrun.perfcollector <> - pmu config: cpu_core
263 [127371134887616] INFO perfrun.perfcollector <> - config: cmask: 0
263 [127371134887616] INFO perfrun.perfcollector <> - config: edge: 0
263 [127371134887616] INFO perfrun.perfcollector <> - config: event: a4
263 [127371134887616] INFO perfrun.perfcollector <> - config1: frontend: 0
263 [127371134887616] INFO perfrun.perfcollector <> - config: inv: 0
263 [127371134887616] INFO perfrun.perfcollector <> - config1: ldlat: 0
263 [127371134887616] INFO perfrun.perfcollector <> - config1: offcore_rsp: 0
263 [127371134887616] INFO perfrun.perfcollector <> - config: pc: 0
263 [127371134887616] INFO perfrun.perfcollector <> - config: umask: 1
263 [127371134887616] INFO perfrun.perfcollector <> - format: cpu_core/event=0xa4,umask=0x1,name='TOPDOWN.SLOTS_P[CORE]'/
263 [127371134887616] INFO perfrun.perfcollector <> - precise event: event selector has no imprecise bit
263 [127371134887616] INFO perfrun.perfcollector <> - event: cpu_atom/event=0x3c,name='CPU_CLK_UNHALTED.THREAD[ATOM]'/Duk, added for counting
263 [127371134887616] INFO perfrun.perfcollector <> - event: cpu_atom/umask=0x3,name='CPU_CLK_UNHALTED.REF_TSC[ATOM]'/Duk, added for counting
263 [127371134887616] INFO perfrun.perfcollector <> - event: cpu_atom/event=0xc0,name='INST_RETIRED.ANY[ATOM]'/Duk, added for counting
263 [127371134887616] INFO perfrun.perfcollector <> - event: cpu_atom/event=0xc2,name='TOPDOWN_RETIRING.ALL[ATOM]'/uk, added for counting
263 [127371134887616] INFO perfrun.perfcollector <> - event: cpu_core/event=0x3c,name='CPU_CLK_UNHALTED.THREAD[CORE]'/Duk, added for counting
263 [127371134887616] INFO perfrun.perfcollector <> - event: cpu_core/umask=0x3,name='CPU_CLK_UNHALTED.REF_TSC[CORE]'/Duk, added for counting
263 [127371134887616] INFO perfrun.perfcollector <> - event: cpu_core/event=0xc0,name='INST_RETIRED.ANY[CORE]'/Duk, added for counting
263 [127371134887616] INFO perfrun.perfcollector <> - event: cpu_core/event=0xec,umask=0x2,name='CPU_CLK_UNHALTED.DISTRIBUTED[CORE]'/uk, added for counting
263 [127371134887616] INFO perfrun.perfcollector <> - event: cpu_core/event=0xc7,umask=0x2,name='FP_ARITH_INST_RETIRED.SCALAR_SINGLE[CORE]'/uk, added for counting
263 [127371134887616] INFO perfrun.perfcollector <> - event: cpu_core/event=0xc7,umask=0x8,name='FP_ARITH_INST_RETIRED.128B_PACKED_SINGLE[CORE]'/uk, added for counting
263 [127371134887616] INFO perfrun.perfcollector <> - event: cpu_core/event=0xc7,umask=0x20,name='FP_ARITH_INST_RETIRED.256B_PACKED_SINGLE[CORE]'/uk, added for counting
263 [127371134887616] INFO perfrun.perfcollector <> - event: cpu_core/event=0xc7,umask=0x1,name='FP_ARITH_INST_RETIRED.SCALAR_DOUBLE[CORE]'/uk, added for counting
263 [127371134887616] INFO perfrun.perfcollector <> - event: cpu_core/event=0xc7,umask=0x4,name='FP_ARITH_INST_RETIRED.128B_PACKED_DOUBLE[CORE]'/uk, added for counting
263 [127371134887616] INFO perfrun.perfcollector <> - event: cpu_core/event=0xc7,umask=0x10,name='FP_ARITH_INST_RETIRED.256B_PACKED_DOUBLE[CORE]'/uk, added for counting
263 [127371134887616] INFO perfrun.perfcollector <> - event: cpu_core/event=0xb1,umask=0x10,name='UOPS_EXECUTED.X87[CORE]'/uk, added for counting
263 [127371134887616] INFO perfrun.perfcollector <> - event: cpu_core/event=0xc2,umask=0x2,name='UOPS_RETIRED.SLOTS[CORE]'/uk, added for counting
263 [127371134887616] INFO perfrun.perfcollector <> - event: cpu_core/event=0xb1,umask=0x1,name='UOPS_EXECUTED.THREAD[CORE]'/uk, added for counting
263 [127371134887616] INFO perfrun.perfcollector <> - event: cpu_core/umask=0x4,name='TOPDOWN.SLOTS[CORE]'/Duk, added for counting
263 [127371134887616] INFO perfrun.perfcollector <> - event: cpu_core/event=0xa4,umask=0x1,name='TOPDOWN.SLOTS_P[CORE]'/uk, added for counting
263 [127371134887616] INFO perfrun.perfcollector <> - attaching to pid: 4294967295, m_mode: 10, mode: 3
264 [127371126494912] INFO perfrun.perfcollector <> - Perf stat trace pipe capacity: read = 1048576, write = 1048576
264 [127371118102208] INFO perfrun.sdk <> - Reading value (0,2,4,6,8-11) from file: /sys/devices/system/cpu/cpu0/topology/core_siblings_list
264 [127371118102208] INFO perfrun.sdk <> - Reading value (0) from file: /sys/devices/system/cpu/cpu0/topology/thread_siblings_list
264 [127371118102208] ERROR perfrun.sdk <> - boost::filesystem::exists(filename) 'gh2::error::IsNot.Valid.File(filename):/sys/devices/system/cpu/cpu1/topology/core_siblings_list'
_sdks/release_posix-x86_64_icx_2023.0.0_gnutools_9.2_binutils_2.28/perfrun_1.37.23/include/perfrun1/sdk/utils.hpp(788): gh2::error_code_t runtool::sdk::loadFileValue(RetType &, const cpil2::uchar_t *) [RetType = std::basic_string<char>]
, at file: _sdks/release_posix-x86_64_icx_2023.0.0_gnutools_9.2_binutils_2.28/perfrun_1.37.23/include/perfrun1/sdk/utils.hpp:788
264 [127371118102208] ERROR perfrun.sdk <> - boost::filesystem::exists(filename) 'gh2::error::IsNot.Valid.File(filename):/sys/devices/system/cpu/cpu1/topology/thread_siblings_list'
_sdks/release_posix-x86_64_icx_2023.0.0_gnutools_9.2_binutils_2.28/perfrun_1.37.23/include/perfrun1/sdk/utils.hpp(788): gh2::error_code_t runtool::sdk::loadFileValue(RetType &, const cpil2::uchar_t *) [RetType = std::basic_string<char>]
, at file: _sdks/release_posix-x86_64_icx_2023.0.0_gnutools_9.2_binutils_2.28/perfrun_1.37.23/include/perfrun1/sdk/utils.hpp:788
264 [127371118102208] INFO perfrun.sdk <> - Reading value (0,2,4,6,8-11) from file: /sys/devices/system/cpu/cpu2/topology/core_siblings_list
264 [127371118102208] INFO perfrun.sdk <> - Reading value (2) from file: /sys/devices/system/cpu/cpu2/topology/thread_siblings_list
264 [127371118102208] ERROR perfrun.sdk <> - boost::filesystem::exists(filename) 'gh2::error::IsNot.Valid.File(filename):/sys/devices/system/cpu/cpu3/topology/core_siblings_list'
_sdks/release_posix-x86_64_icx_2023.0.0_gnutools_9.2_binutils_2.28/perfrun_1.37.23/include/perfrun1/sdk/utils.hpp(788): gh2::error_code_t runtool::sdk::loadFileValue(RetType &, const cpil2::uchar_t *) [RetType = std::basic_string<char>]
, at file: _sdks/release_posix-x86_64_icx_2023.0.0_gnutools_9.2_binutils_2.28/perfrun_1.37.23/include/perfrun1/sdk/utils.hpp:788
264 [127371118102208] ERROR perfrun.sdk <> - boost::filesystem::exists(filename) 'gh2::error::IsNot.Valid.File(filename):/sys/devices/system/cpu/cpu3/topology/thread_siblings_list'
_sdks/release_posix-x86_64_icx_2023.0.0_gnutools_9.2_binutils_2.28/perfrun_1.37.23/include/perfrun1/sdk/utils.hpp(788): gh2::error_code_t runtool::sdk::loadFileValue(RetType &, const cpil2::uchar_t *) [RetType = std::basic_string<char>]
, at file: _sdks/release_posix-x86_64_icx_2023.0.0_gnutools_9.2_binutils_2.28/perfrun_1.37.23/include/perfrun1/sdk/utils.hpp:788
264 [127371118102208] INFO perfrun.sdk <> - Reading value (0,2,4,6,8-11) from file: /sys/devices/system/cpu/cpu4/topology/core_siblings_list
264 [127371118102208] INFO perfrun.sdk <> - Reading value (4) from file: /sys/devices/system/cpu/cpu4/topology/thread_siblings_list
264 [127371118102208] ERROR perfrun.sdk <> - boost::filesystem::exists(filename) 'gh2::error::IsNot.Valid.File(filename):/sys/devices/system/cpu/cpu5/topology/core_siblings_list'
_sdks/release_posix-x86_64_icx_2023.0.0_gnutools_9.2_binutils_2.28/perfrun_1.37.23/include/perfrun1/sdk/utils.hpp(788): gh2::error_code_t runtool::sdk::loadFileValue(RetType &, const cpil2::uchar_t *) [RetType = std::basic_string<char>]
, at file: _sdks/release_posix-x86_64_icx_2023.0.0_gnutools_9.2_binutils_2.28/perfrun_1.37.23/include/perfrun1/sdk/utils.hpp:788
264 [127371118102208] ERROR perfrun.sdk <> - boost::filesystem::exists(filename) 'gh2::error::IsNot.Valid.File(filename):/sys/devices/system/cpu/cpu5/topology/thread_siblings_list'
_sdks/release_posix-x86_64_icx_2023.0.0_gnutools_9.2_binutils_2.28/perfrun_1.37.23/include/perfrun1/sdk/utils.hpp(788): gh2::error_code_t runtool::sdk::loadFileValue(RetType &, const cpil2::uchar_t *) [RetType = std::basic_string<char>]
, at file: _sdks/release_posix-x86_64_icx_2023.0.0_gnutools_9.2_binutils_2.28/perfrun_1.37.23/include/perfrun1/sdk/utils.hpp:788
265 [127371118102208] INFO perfrun.sdk <> - Reading value (0,2,4,6,8-11) from file: /sys/devices/system/cpu/cpu6/topology/core_siblings_list
265 [127371118102208] INFO perfrun.sdk <> - Reading value (6) from file: /sys/devices/system/cpu/cpu6/topology/thread_siblings_list
265 [127371118102208] ERROR perfrun.sdk <> - boost::filesystem::exists(filename) 'gh2::error::IsNot.Valid.File(filename):/sys/devices/system/cpu/cpu7/topology/core_siblings_list'
_sdks/release_posix-x86_64_icx_2023.0.0_gnutools_9.2_binutils_2.28/perfrun_1.37.23/include/perfrun1/sdk/utils.hpp(788): gh2::error_code_t runtool::sdk::loadFileValue(RetType &, const cpil2::uchar_t *) [RetType = std::basic_string<char>]
, at file: _sdks/release_posix-x86_64_icx_2023.0.0_gnutools_9.2_binutils_2.28/perfrun_1.37.23/include/perfrun1/sdk/utils.hpp:788
265 [127371118102208] ERROR perfrun.sdk <> - boost::filesystem::exists(filename) 'gh2::error::IsNot.Valid.File(filename):/sys/devices/system/cpu/cpu7/topology/thread_siblings_list'
_sdks/release_posix-x86_64_icx_2023.0.0_gnutools_9.2_binutils_2.28/perfrun_1.37.23/include/perfrun1/sdk/utils.hpp(788): gh2::error_code_t runtool::sdk::loadFileValue(RetType &, const cpil2::uchar_t *) [RetType = std::basic_string<char>]
, at file: _sdks/release_posix-x86_64_icx_2023.0.0_gnutools_9.2_binutils_2.28/perfrun_1.37.23/include/perfrun1/sdk/utils.hpp:788
265 [127371118102208] INFO perfrun.sdk <> - Reading value (0,2,4,6,8-11) from file: /sys/devices/system/cpu/cpu8/topology/core_siblings_list
265 [127371118102208] INFO perfrun.sdk <> - Reading value (8) from file: /sys/devices/system/cpu/cpu8/topology/thread_siblings_list
265 [127371118102208] INFO perfrun.sdk <> - Reading value (0,2,4,6,8-11) from file: /sys/devices/system/cpu/cpu9/topology/core_siblings_list
265 [127371118102208] INFO perfrun.sdk <> - Reading value (9) from file: /sys/devices/system/cpu/cpu9/topology/thread_siblings_list
265 [127371118102208] INFO perfrun.sdk <> - Reading value (0,2,4,6,8-11) from file: /sys/devices/system/cpu/cpu10/topology/core_siblings_list
265 [127371118102208] INFO perfrun.sdk <> - Reading value (10) from file: /sys/devices/system/cpu/cpu10/topology/thread_siblings_list
265 [127371118102208] INFO perfrun.sdk <> - Reading value (0,2,4,6,8-11) from file: /sys/devices/system/cpu/cpu11/topology/core_siblings_list
265 [127371118102208] INFO perfrun.sdk <> - Reading value (11) from file: /sys/devices/system/cpu/cpu11/topology/thread_siblings_list
265 [127371118102208] INFO perfrun.sdk <> - Reading value (0,2,4,6) from file: /sys/bus/event_source/devices/cpu_core/cpus
265 [127371118102208] INFO perfrun.sdk <> - Reading value (8-11) from file: /sys/bus/event_source/devices/cpu_atom/cpus
265 [127371126494912] INFO perfrun.sdk <> - runCmd: /home/fabs/intel/oneapi/vtune/2026.0/bin64/amplxe-perf stat -v --log-fd 11 --scale -x ; -e cpu_atom/event=0x3c,name='CPU_CLK_UNHALTED.THREAD[ATOM]'/Duk,cpu_atom/umask=0x3,name='CPU_CLK_UNHALTED.REF_TSC[ATOM]'/Duk,cpu_atom/event=0xc0,name='INST_RETIRED.ANY[ATOM]'/Duk,cpu_atom/event=0xc2,name='TOPDOWN_RETIRING.ALL[ATOM]'/uk,cpu_core/event=0x3c,name='CPU_CLK_UNHALTED.THREAD[CORE]'/Duk,cpu_core/umask=0x3,name='CPU_CLK_UNHALTED.REF_TSC[CORE]'/Duk,cpu_core/event=0xc0,name='INST_RETIRED.ANY[CORE]'/Duk,cpu_core/event=0xec,umask=0x2,name='CPU_CLK_UNHALTED.DISTRIBUTED[CORE]'/uk,cpu_core/event=0xc7,umask=0x2,name='FP_ARITH_INST_RETIRED.SCALAR_SINGLE[CORE]'/uk,cpu_core/event=0xc7,umask=0x8,name='FP_ARITH_INST_RETIRED.128B_PACKED_SINGLE[CORE]'/uk,cpu_core/event=0xc7,umask=0x20,name='FP_ARITH_INST_RETIRED.256B_PACKED_SINGLE[CORE]'/uk,cpu_core/event=0xc7,umask=0x1,name='FP_ARITH_INST_RETIRED.SCALAR_DOUBLE[CORE]'/uk,cpu_core/event=0xc7,umask=0x4,name='FP_ARITH_INST_RETIRED.128B_PACKED_DOUBLE[CORE]'/uk,cpu_core/event=0xc7,umask=0x10,name='FP_ARITH_INST_RETIRED.256B_PACKED_DOUBLE[CORE]'/uk,cpu_core/event=0xb1,umask=0x10,name='UOPS_EXECUTED.X87[CORE]'/uk,cpu_core/event=0xc2,umask=0x2,name='UOPS_RETIRED.SLOTS[CORE]'/uk,cpu_core/event=0xb1,umask=0x1,name='UOPS_EXECUTED.THREAD[CORE]'/uk,cpu_core/umask=0x4,name='TOPDOWN.SLOTS[CORE]'/Duk,cpu_core/event=0xa4,umask=0x1,name='TOPDOWN.SLOTS_P[CORE]'/uk /home/fabs/intel/oneapi/vtune/2026.0/bin64/amplxe-perf-sync dryrun tsc
266 [127371126494912] INFO perfrun.sdk <> - runCmd started PID 49608
288 [127371126494912] INFO perfrun.perfcollector <> - Monitor: runCmd RC = true
288 [127371134887616] INFO perfrun.launcher <> - plugin [aoclprofile] was disabled because it doesn't support the given collection type.
288 [127371134887616] INFO perfrun.tpss <> - initialize tpss controller
288 [127371134887616] INFO perfrun.tpss <> - configure collection mode: value = cpu:stack
288 [127371134887616] INFO perfrun.tpss <> - default obj-size-min=1024
288 [127371134887616] INFO perfrun.tpss <> - default hash-table-size=0
289 [127371134887616] INFO perfrun.launcher <> - plugin [media] was disabled because it doesn't support the given collection type.
289 [127371134887616] INFO perfrun.launcher <> - plugin [] was disabled because it doesn't support the given collection type.
289 [127371134887616] INFO perfrun.launcher <> - plugin [] was disabled because it doesn't support the given collection type.
289 [127371134887616] INFO perfrun.launcher <> - plugin [parallelfs] was disabled because it doesn't support the given collection type.
289 [127371134887616] INFO perfrun.launcher <> - plugin [power] was disabled because it doesn't support the given collection type.
289 [127371134887616] INFO perfrun.launcher <> - plugin [] was disabled because it doesn't support the given collection type.
289 [127371134887616] INFO perfrun.launcher <> - plugin [] was disabled because it doesn't support the given collection type.
289 [127371134887616] INFO perfrun.launcher <> - plugin [] was disabled because it doesn't support the given collection type.
289 [127371134887616] INFO perfrun.launcher <> - plugin [l0_metrics] was disabled because it doesn't support the given collection type.
289 [127371134887616] INFO perfrun.launcher <> - plugin [stall_reasons] was disabled because it doesn't support the given collection type.
289 [127371294496640] INFO perfrun.launcher <> - set environment variable: LD_LIBRARY_PATH = /home/fabs/intel/oneapi/vtune/2026.0/lib32/runtime:/home/fabs/intel/oneapi/vtune/2026.0/lib64/runtime:/home/fabs/intel/oneapi/tcm/1.5/lib:/home/fabs/intel/oneapi/umf/1.1/lib:/home/fabs/intel/oneapi/tcm/1.5/env/../lib:/home/fabs/intel/oneapi/tbb/2023.0/env/../lib/intel64/gcc4.8:/home/fabs/intel/oneapi/mpi/2021.18/opt/mpi/libfabric/lib:/home/fabs/intel/oneapi/mpi/2021.18/lib:/home/fabs/intel/oneapi/mkl/2026.0/lib:/home/fabs/intel/oneapi/ippcp/2026.0/lib/:/home/fabs/intel/oneapi/ipp/2026.0/lib:/home/fabs/intel/oneapi/dnnl/2026.0/lib:/home/fabs/intel/oneapi/debugger/2026.0/opt/debugger/lib:/home/fabs/intel/oneapi/compiler/2026.0/opt/compiler/lib:/home/fabs/intel/oneapi/compiler/2026.0/lib:/home/fabs/intel/oneapi/ccl/2022.0/lib/
289 [127371294496640] INFO perfrun.launcher <> - set environment variable: INTEL_LIBITTNOTIFY32 = /home/fabs/intel/oneapi/vtune/2026.0/lib32/runtime/libittnotify_collector.so
289 [127371294496640] INFO perfrun.launcher <> - set environment variable: INTEL_LIBITTNOTIFY64 = /home/fabs/intel/oneapi/vtune/2026.0/lib64/runtime/libittnotify_collector.so
289 [127371294496640] INFO perfrun.launcher <> - set environment variable: INTEL_ITTNOTIFY_GROUPS = 
289 [127371294496640] INFO perfrun.launcher <> - set environment variable: INTEL_JIT_PROFILER32 = /home/fabs/intel/oneapi/vtune/2026.0/lib32/runtime/libittnotify_collector.so
289 [127371294496640] INFO perfrun.launcher <> - set environment variable: INTEL_JIT_PROFILER64 = /home/fabs/intel/oneapi/vtune/2026.0/lib64/runtime/libittnotify_collector.so
289 [127371294496640] INFO perfrun.launcher <> - set environment variable: CCL_ITT_LEVEL = 1
289 [127371294496640] INFO perfrun.launcher <> - set environment variable: ENABLE_JITPROFILING = 1
289 [127371294496640] INFO perfrun.launcher <> - set environment variable: CL_CONFIG_USE_VTUNE = True
290 [127371294496640] INFO perfrun.launcher <> - set environment variable: KMP_FORKJOIN_FRAMES = 0
290 [127371294496640] INFO perfrun.launcher <> - set environment variable: KMP_FORKJOIN_FRAMES_MODE = 0
290 [127371294496640] INFO perfrun.launcher <> - set environment variable: INTEL_MRTE_DATA_DIR = /home/fabs/Github/kmartinez_fmelendez_jserracin_a2-2026-s1/proyecto_2/models/vtune_result2/data.0
290 [127371294496640] INFO perfrun.launcher <> - set environment variable: INTEL_MRTE_HOST_NAME = Fabs-Computer
290 [127371294496640] INFO perfrun.launcher <> - set environment variable: JAVA_TOOL_OPTIONS = -agentlib:amplxe_samplingmrte_javaprof_1.0 -Dsun.boot.library.path=/home/fabs/intel/oneapi/vtune/2026.0/lib32/runtime:/home/fabs/intel/oneapi/vtune/2026.0/lib64/runtime
291 [127371294496640] INFO perfrun.launcher <> - set environment variable: LD_LIBRARY_PATH = /home/fabs/intel/oneapi/vtune/2026.0/lib32/runtime:/home/fabs/intel/oneapi/vtune/2026.0/lib64/runtime:/home/fabs/intel/oneapi/tcm/1.5/lib:/home/fabs/intel/oneapi/umf/1.1/lib:/home/fabs/intel/oneapi/tcm/1.5/env/../lib:/home/fabs/intel/oneapi/tbb/2023.0/env/../lib/intel64/gcc4.8:/home/fabs/intel/oneapi/mpi/2021.18/opt/mpi/libfabric/lib:/home/fabs/intel/oneapi/mpi/2021.18/lib:/home/fabs/intel/oneapi/mkl/2026.0/lib:/home/fabs/intel/oneapi/ippcp/2026.0/lib/:/home/fabs/intel/oneapi/ipp/2026.0/lib:/home/fabs/intel/oneapi/dnnl/2026.0/lib:/home/fabs/intel/oneapi/debugger/2026.0/opt/debugger/lib:/home/fabs/intel/oneapi/compiler/2026.0/opt/compiler/lib:/home/fabs/intel/oneapi/compiler/2026.0/lib:/home/fabs/intel/oneapi/ccl/2022.0/lib/
291 [127371294496640] INFO perfrun.launcher <> - set environment variable: CORECLR_ENABLE_PROFILING = 1
291 [127371294496640] INFO perfrun.launcher <> - set environment variable: CORECLR_PROFILER = {AA5E4821-E3B1-479c-B7FF-5AD047D22CED}
291 [127371294496640] INFO perfrun.launcher <> - set environment variable: CORECLR_PROFILER_PATH = /home/fabs/intel/oneapi/vtune/2026.0/lib64/libamplxe_samplingmrte_clrprof_1.0.so
291 [127371294496640] INFO perfrun.launcher <> - set environment variable: INTEL_MRTE_PROFILER_MODE = mixed
291 [127371294496640] INFO perfrun.launcher <> - RpcServer: run RPC server to handle requests
291 [127371294496640] INFO perfrun.launcher <> - Launcher: command line to start before modification = ./n-body
291 [127371294496640] INFO perfrun.launcher <> - Launcher: command line to start after modification = /home/fabs/intel/oneapi/vtune/2026.0/bin64/pin -error_file /home/fabs/Github/kmartinez_fmelendez_jserracin_a2-2026-s1/proyecto_2/models/vtune_result2/data.0/pinerr.tpsslog -detach_reattach -follow_execv -tool_load_option deepbind -t64 /home/fabs/intel/oneapi/vtune/2026.0/lib64/libtpsstool.so -t /home/fabs/intel/oneapi/vtune/2026.0/lib32/libtpsstool.so -server_name tpss_ipc.49601 -prd_dir /home/fabs/intel/oneapi/vtune/2026.0 -- ./n-body
291 [127371294496640] INFO perfrun.launcher <> - ProcessCreator object was created
292 [127371294496640] INFO perfrun.launcher <> - Launcher: the process was started in suspend mode
293 [127371134887616] WARN perfrun.system <> - Could not do anything with /sys/kernel/debug/kvm: boost::filesystem::status: Permission denied [system:13]: "/sys/kernel/debug/kvm", at file: vcs/perfrun1/plugins/system/src/trace_writer.cpp:791
293 [127371134887616] WARN perfrun.system <> - Folder "/var/run/libvirt/qemu/"doesn't exist, at file: vcs/perfrun1/plugins/system/src/trace_writer.cpp:804
294 [127371134887616] WARN perfrun.sdk <> - Failed to find xl binary on any of the system paths: /bin, /sbin, /usr/bin, /usr/sbin., at file: vcs/perfrun1/sdk/src/utils.cpp:205
295 [127371134887616] WARN perfrun.system <> - Could not start ContainerMapping collector, at file: vcs/perfrun1/plugins/system/src/controller.cpp:450
347 [127371134887616] INFO perfrun.vdso <> - Helper runtool '/home/fabs/intel/oneapi/vtune/2026.0/bin32/amplxe-runss -dump-vdso -r /home/fabs/Github/kmartinez_fmelendez_jserracin_a2-2026-s1/proyecto_2/models/vtune_result2 --tmp-dir /tmp/amplxe-tmp-fabs' returned 0
573 [127371134887616] INFO perfrun.vdso <> - Helper runtool '/home/fabs/intel/oneapi/vtune/2026.0/bin64/amplxe-runss -dump-vdso -r /home/fabs/Github/kmartinez_fmelendez_jserracin_a2-2026-s1/proyecto_2/models/vtune_result2 --tmp-dir /tmp/amplxe-tmp-fabs' returned 0
574 [127371134887616] INFO perfrun.itt <> - start itt controller for pid #49611
574 [127371134887616] INFO perfrun.perfcollector <> - attaching to pid: 49611, m_mode: 10, mode: 11
574 [127371101316800] INFO perfrun.perfcollector <> - Perf stat trace pipe capacity: read = 1048576, write = 1048576
575 [127371126494912] INFO perfrun.sdk <> - Reading value (0,2,4,6,8-11) from file: /sys/devices/system/cpu/cpu0/topology/core_siblings_list
575 [127371126494912] INFO perfrun.sdk <> - Reading value (0) from file: /sys/devices/system/cpu/cpu0/topology/thread_siblings_list
575 [127371126494912] ERROR perfrun.sdk <> - boost::filesystem::exists(filename) 'gh2::error::IsNot.Valid.File(filename):/sys/devices/system/cpu/cpu1/topology/core_siblings_list'
_sdks/release_posix-x86_64_icx_2023.0.0_gnutools_9.2_binutils_2.28/perfrun_1.37.23/include/perfrun1/sdk/utils.hpp(788): gh2::error_code_t runtool::sdk::loadFileValue(RetType &, const cpil2::uchar_t *) [RetType = std::basic_string<char>]
, at file: _sdks/release_posix-x86_64_icx_2023.0.0_gnutools_9.2_binutils_2.28/perfrun_1.37.23/include/perfrun1/sdk/utils.hpp:788
575 [127371126494912] ERROR perfrun.sdk <> - boost::filesystem::exists(filename) 'gh2::error::IsNot.Valid.File(filename):/sys/devices/system/cpu/cpu1/topology/thread_siblings_list'
_sdks/release_posix-x86_64_icx_2023.0.0_gnutools_9.2_binutils_2.28/perfrun_1.37.23/include/perfrun1/sdk/utils.hpp(788): gh2::error_code_t runtool::sdk::loadFileValue(RetType &, const cpil2::uchar_t *) [RetType = std::basic_string<char>]
, at file: _sdks/release_posix-x86_64_icx_2023.0.0_gnutools_9.2_binutils_2.28/perfrun_1.37.23/include/perfrun1/sdk/utils.hpp:788
575 [127371126494912] INFO perfrun.sdk <> - Reading value (0,2,4,6,8-11) from file: /sys/devices/system/cpu/cpu2/topology/core_siblings_list
575 [127371126494912] INFO perfrun.sdk <> - Reading value (2) from file: /sys/devices/system/cpu/cpu2/topology/thread_siblings_list
575 [127371126494912] ERROR perfrun.sdk <> - boost::filesystem::exists(filename) 'gh2::error::IsNot.Valid.File(filename):/sys/devices/system/cpu/cpu3/topology/core_siblings_list'
_sdks/release_posix-x86_64_icx_2023.0.0_gnutools_9.2_binutils_2.28/perfrun_1.37.23/include/perfrun1/sdk/utils.hpp(788): gh2::error_code_t runtool::sdk::loadFileValue(RetType &, const cpil2::uchar_t *) [RetType = std::basic_string<char>]
, at file: _sdks/release_posix-x86_64_icx_2023.0.0_gnutools_9.2_binutils_2.28/perfrun_1.37.23/include/perfrun1/sdk/utils.hpp:788
575 [127371126494912] ERROR perfrun.sdk <> - boost::filesystem::exists(filename) 'gh2::error::IsNot.Valid.File(filename):/sys/devices/system/cpu/cpu3/topology/thread_siblings_list'
_sdks/release_posix-x86_64_icx_2023.0.0_gnutools_9.2_binutils_2.28/perfrun_1.37.23/include/perfrun1/sdk/utils.hpp(788): gh2::error_code_t runtool::sdk::loadFileValue(RetType &, const cpil2::uchar_t *) [RetType = std::basic_string<char>]
, at file: _sdks/release_posix-x86_64_icx_2023.0.0_gnutools_9.2_binutils_2.28/perfrun_1.37.23/include/perfrun1/sdk/utils.hpp:788
575 [127371126494912] INFO perfrun.sdk <> - Reading value (0,2,4,6,8-11) from file: /sys/devices/system/cpu/cpu4/topology/core_siblings_list
575 [127371126494912] INFO perfrun.sdk <> - Reading value (4) from file: /sys/devices/system/cpu/cpu4/topology/thread_siblings_list
575 [127371126494912] ERROR perfrun.sdk <> - boost::filesystem::exists(filename) 'gh2::error::IsNot.Valid.File(filename):/sys/devices/system/cpu/cpu5/topology/core_siblings_list'
_sdks/release_posix-x86_64_icx_2023.0.0_gnutools_9.2_binutils_2.28/perfrun_1.37.23/include/perfrun1/sdk/utils.hpp(788): gh2::error_code_t runtool::sdk::loadFileValue(RetType &, const cpil2::uchar_t *) [RetType = std::basic_string<char>]
, at file: _sdks/release_posix-x86_64_icx_2023.0.0_gnutools_9.2_binutils_2.28/perfrun_1.37.23/include/perfrun1/sdk/utils.hpp:788
575 [127371126494912] ERROR perfrun.sdk <> - boost::filesystem::exists(filename) 'gh2::error::IsNot.Valid.File(filename):/sys/devices/system/cpu/cpu5/topology/thread_siblings_list'
_sdks/release_posix-x86_64_icx_2023.0.0_gnutools_9.2_binutils_2.28/perfrun_1.37.23/include/perfrun1/sdk/utils.hpp(788): gh2::error_code_t runtool::sdk::loadFileValue(RetType &, const cpil2::uchar_t *) [RetType = std::basic_string<char>]
, at file: _sdks/release_posix-x86_64_icx_2023.0.0_gnutools_9.2_binutils_2.28/perfrun_1.37.23/include/perfrun1/sdk/utils.hpp:788
575 [127371126494912] INFO perfrun.sdk <> - Reading value (0,2,4,6,8-11) from file: /sys/devices/system/cpu/cpu6/topology/core_siblings_list
575 [127371126494912] INFO perfrun.sdk <> - Reading value (6) from file: /sys/devices/system/cpu/cpu6/topology/thread_siblings_list
575 [127371126494912] ERROR perfrun.sdk <> - boost::filesystem::exists(filename) 'gh2::error::IsNot.Valid.File(filename):/sys/devices/system/cpu/cpu7/topology/core_siblings_list'
_sdks/release_posix-x86_64_icx_2023.0.0_gnutools_9.2_binutils_2.28/perfrun_1.37.23/include/perfrun1/sdk/utils.hpp(788): gh2::error_code_t runtool::sdk::loadFileValue(RetType &, const cpil2::uchar_t *) [RetType = std::basic_string<char>]
, at file: _sdks/release_posix-x86_64_icx_2023.0.0_gnutools_9.2_binutils_2.28/perfrun_1.37.23/include/perfrun1/sdk/utils.hpp:788
575 [127371126494912] ERROR perfrun.sdk <> - boost::filesystem::exists(filename) 'gh2::error::IsNot.Valid.File(filename):/sys/devices/system/cpu/cpu7/topology/thread_siblings_list'
_sdks/release_posix-x86_64_icx_2023.0.0_gnutools_9.2_binutils_2.28/perfrun_1.37.23/include/perfrun1/sdk/utils.hpp(788): gh2::error_code_t runtool::sdk::loadFileValue(RetType &, const cpil2::uchar_t *) [RetType = std::basic_string<char>]
, at file: _sdks/release_posix-x86_64_icx_2023.0.0_gnutools_9.2_binutils_2.28/perfrun_1.37.23/include/perfrun1/sdk/utils.hpp:788
575 [127371126494912] INFO perfrun.sdk <> - Reading value (0,2,4,6,8-11) from file: /sys/devices/system/cpu/cpu8/topology/core_siblings_list
575 [127371126494912] INFO perfrun.sdk <> - Reading value (8) from file: /sys/devices/system/cpu/cpu8/topology/thread_siblings_list
575 [127371126494912] INFO perfrun.sdk <> - Reading value (0,2,4,6,8-11) from file: /sys/devices/system/cpu/cpu9/topology/core_siblings_list
575 [127371126494912] INFO perfrun.sdk <> - Reading value (9) from file: /sys/devices/system/cpu/cpu9/topology/thread_siblings_list
575 [127371126494912] INFO perfrun.sdk <> - Reading value (0,2,4,6,8-11) from file: /sys/devices/system/cpu/cpu10/topology/core_siblings_list
575 [127371126494912] INFO perfrun.sdk <> - Reading value (10) from file: /sys/devices/system/cpu/cpu10/topology/thread_siblings_list
575 [127371126494912] INFO perfrun.sdk <> - Reading value (0,2,4,6,8-11) from file: /sys/devices/system/cpu/cpu11/topology/core_siblings_list
575 [127371126494912] INFO perfrun.sdk <> - Reading value (11) from file: /sys/devices/system/cpu/cpu11/topology/thread_siblings_list
575 [127371126494912] INFO perfrun.sdk <> - Reading value (0,2,4,6) from file: /sys/bus/event_source/devices/cpu_core/cpus
575 [127371126494912] INFO perfrun.sdk <> - Reading value (8-11) from file: /sys/bus/event_source/devices/cpu_atom/cpus
576 [127371101316800] INFO perfrun.sdk <> - runCmd: /home/fabs/intel/oneapi/vtune/2026.0/bin64/amplxe-perf stat -v --log-fd 22 --control=fd:23,26 --scale -x ; -p 49611 -e cpu_atom/event=0x3c,name='CPU_CLK_UNHALTED.THREAD[ATOM]'/Duk,cpu_atom/umask=0x3,name='CPU_CLK_UNHALTED.REF_TSC[ATOM]'/Duk,cpu_atom/event=0xc0,name='INST_RETIRED.ANY[ATOM]'/Duk,cpu_atom/event=0xc2,name='TOPDOWN_RETIRING.ALL[ATOM]'/uk,cpu_core/event=0x3c,name='CPU_CLK_UNHALTED.THREAD[CORE]'/Duk,cpu_core/umask=0x3,name='CPU_CLK_UNHALTED.REF_TSC[CORE]'/Duk,cpu_core/event=0xc0,name='INST_RETIRED.ANY[CORE]'/Duk,cpu_core/event=0xec,umask=0x2,name='CPU_CLK_UNHALTED.DISTRIBUTED[CORE]'/uk,cpu_core/event=0xc7,umask=0x2,name='FP_ARITH_INST_RETIRED.SCALAR_SINGLE[CORE]'/uk,cpu_core/event=0xc7,umask=0x8,name='FP_ARITH_INST_RETIRED.128B_PACKED_SINGLE[CORE]'/uk,cpu_core/event=0xc7,umask=0x20,name='FP_ARITH_INST_RETIRED.256B_PACKED_SINGLE[CORE]'/uk,cpu_core/event=0xc7,umask=0x1,name='FP_ARITH_INST_RETIRED.SCALAR_DOUBLE[CORE]'/uk,cpu_core/event=0xc7,umask=0x4,name='FP_ARITH_INST_RETIRED.128B_PACKED_DOUBLE[CORE]'/uk,cpu_core/event=0xc7,umask=0x10,name='FP_ARITH_INST_RETIRED.256B_PACKED_DOUBLE[CORE]'/uk,cpu_core/event=0xb1,umask=0x10,name='UOPS_EXECUTED.X87[CORE]'/uk,cpu_core/event=0xc2,umask=0x2,name='UOPS_RETIRED.SLOTS[CORE]'/uk,cpu_core/event=0xb1,umask=0x1,name='UOPS_EXECUTED.THREAD[CORE]'/uk,cpu_core/umask=0x4,name='TOPDOWN.SLOTS[CORE]'/Duk,cpu_core/event=0xa4,umask=0x1,name='TOPDOWN.SLOTS_P[CORE]'/uk /home/fabs/intel/oneapi/vtune/2026.0/bin64/amplxe-perf-sync sync tsc
576 [127371101316800] INFO perfrun.sdk <> - runCmd started PID 49620
587 [127371134887616] INFO perfrun.tpss <> - start tpss controller for pid #49611
637 [127371294496640] INFO perfrun.launcher <> - Launcher: all plugins were started
638 [127371294496640] INFO perfrun.launcher <> - DirectoryMonitor object was created
638 [127371294496640] INFO perfrun.launcher <> - DirectoryMonitor: a callback was added
638 [127371294496640] INFO perfrun.launcher <> - DirectoryMonitor was started with pingTime = 1000
638 [127371294496640] INFO perfrun.launcher <> - DeadlineTimer is going to be constructed
638 [127371294496640] INFO perfrun.launcher <> - DeadlineTimer: a callback was added
643 [127371294496640] INFO perfrun.launcher <> - Launcher: resume the profiled application and  wait its termination or stop command
4444 [127371294496640] INFO perfrun.launcher <> - Launcher: the profiled application was terminated  with exit code = 0
4451 [127371134887616] INFO perfrun.itt <> - detach itt controller
4451 [127371134887616] INFO perfrun.itt <> - detach itt controller done
4453 [127371101316800] INFO perfrun.perfcollector <> - Monitor: runCmd RC = true
4453 [127371134887616] INFO perfrun.perfcollector <> - Monitor: state = 3, error = 1
4453 [127371134887616] INFO perfrun.tpss <> - stop tpss controller
4454 [127371134887616] INFO perfrun.sdk <> - De-allocating TMU: /home/fabs/Github/kmartinez_fmelendez_jserracin_a2-2026-s1/proyecto_2/models/vtune_result2/data.0/systemcollector-49601-Fabs-Computer.sc
4454 [127371134887616] INFO perfrun.system <> - closed the system trace file: /home/fabs/Github/kmartinez_fmelendez_jserracin_a2-2026-s1/proyecto_2/models/vtune_result2/data.0/systemcollector-49601-Fabs-Computer.sc
4454 [127371294496640] INFO perfrun.launcher <> - Launcher: all plugins were stopped.
4454 [127371294496640] INFO perfrun.launcher <> - DeadlineTimer is going to be destroyed
4454 [127371294496640] INFO perfrun.launcher <> - DeadlineTimer was destroyed
4454 [127371294496640] INFO perfrun.launcher <> - DirectoryMonitor object was destroyed
4454 [127371294496640] WARN perfrun.launcher <> - Stop command is ignored because it is received when collection is already stopped, at file: vcs/perfrun1/launcher/src/command_handler.cpp:226
4455 [127371294496640] INFO perfrun.launcher <> - Application exit code: 0
4455 [127371294496640] INFO perfrun.launcher <> - Exit code: 0
