0 [4092602944] INFO perfrun.launcher <> - Launcher main begin
1 [4092602944] INFO perfrun.launcher <> - MessageCatalogInit finished
1 [4092602944] INFO perfrun.launcher <> - Launcher instance created
1 [4092602944] INFO perfrun.launcher <> - argc = 6; cmdline = /home/fabs/intel/oneapi/vtune/2026.0/bin32/amplxe-runss -dump-vdso -r /home/fabs/Github/kmartinez_fmelendez_jserracin_a2-2026-s1/proyecto_2/models/vtune_result2 --tmp-dir /tmp/amplxe-tmp-fabs 
17 [4092602944] INFO perfrun.launcher <> - create msngr2::ICliToolContext
17 [4092602944] INFO perfrun.launcher <> - create file finder object
21 [4092058432] INFO perfrun.launcher <> - plugin [remoteplug] was disabled because it doesn't support the given collection type.
21 [4092058432] INFO perfrun.launcher <> - plugin [] was disabled because it doesn't support the given collection type.
21 [4092058432] INFO perfrun.vdso <> - dumping [vdso] pseudomodule
21 [4092058432] INFO perfrun.launcher <> - plugin [] was disabled because it doesn't support the given collection type.
21 [4092058432] INFO perfrun.launcher <> - plugin [] was disabled because it doesn't support the given collection type.
21 [4092058432] INFO perfrun.launcher <> - plugin [] was disabled because it doesn't support the given collection type.
21 [4092058432] INFO perfrun.launcher <> - plugin [] was disabled because it doesn't support the given collection type.
21 [4092058432] INFO perfrun.launcher <> - plugin [] was disabled because it doesn't support the given collection type.
21 [4092058432] INFO perfrun.launcher <> - plugin [] was disabled because it doesn't support the given collection type.
21 [4092058432] INFO perfrun.launcher <> - plugin [] was disabled because it doesn't support the given collection type.
21 [4092058432] INFO perfrun.launcher <> - plugin [] was disabled because it doesn't support the given collection type.
21 [4092058432] INFO perfrun.launcher <> - plugin [] was disabled because it doesn't support the given collection type.
21 [4092058432] INFO perfrun.launcher <> - plugin [] was disabled because it doesn't support the given collection type.
21 [4092058432] INFO perfrun.launcher <> - plugin [] was disabled because it doesn't support the given collection type.
21 [4092058432] INFO perfrun.launcher <> - plugin [] was disabled because it doesn't support the given collection type.
21 [4092058432] INFO perfrun.launcher <> - plugin [] was disabled because it doesn't support the given collection type.
21 [4092058432] INFO perfrun.launcher <> - plugin [] was disabled because it doesn't support the given collection type.
21 [4092058432] INFO perfrun.launcher <> - plugin [] was disabled because it doesn't support the given collection type.
21 [4092058432] INFO perfrun.launcher <> - plugin [] was disabled because it doesn't support the given collection type.
21 [4092058432] INFO perfrun.launcher <> - plugin [] was disabled because it doesn't support the given collection type.
21 [4092058432] INFO perfrun.launcher <> - plugin [] was disabled because it doesn't support the given collection type.
21 [4092058432] INFO perfrun.launcher <> - plugin [] was disabled because it doesn't support the given collection type.
21 [4092058432] INFO perfrun.launcher <> - plugin [] was disabled because it doesn't support the given collection type.
22 [4092058432] INFO perfrun.launcher <> - plugin [] was disabled because it doesn't support the given collection type.
22 [4092058432] INFO perfrun.launcher <> - plugin [] was disabled because it doesn't support the given collection type.
22 [4092058432] INFO perfrun.launcher <> - plugin [] was disabled because it doesn't support the given collection type.
22 [4092058432] INFO perfrun.launcher <> - plugin [] was disabled because it doesn't support the given collection type.
22 [4092058432] INFO perfrun.launcher <> - plugin [] was disabled because it doesn't support the given collection type.
22 [4092602944] INFO perfrun.launcher <> - Application exit code: 0
22 [4092602944] INFO perfrun.launcher <> - Exit code: 0
